[2026-01-08T02:52:33.008+0000][0.006s] Using G1
[2026-01-08T02:52:33.149+0000][0.148s] Version: 17.0.17+10 (release)
[2026-01-08T02:52:33.150+0000][0.148s] CPUs: 8 total, 8 available
[2026-01-08T02:52:33.150+0000][0.148s] Memory: 3919M
[2026-01-08T02:52:33.150+0000][0.148s] Large Page Support: Disabled
[2026-01-08T02:52:33.150+0000][0.148s] NUMA Support: Disabled
[2026-01-08T02:52:33.150+0000][0.148s] Compressed Oops: Enabled (32-bit)
[2026-01-08T02:52:33.150+0000][0.148s] Heap Region Size: 1M
[2026-01-08T02:52:33.150+0000][0.148s] Heap Min Capacity: 512M
[2026-01-08T02:52:33.150+0000][0.149s] Heap Initial Capacity: 512M
[2026-01-08T02:52:33.150+0000][0.149s] Heap Max Capacity: 512M
[2026-01-08T02:52:33.150+0000][0.149s] Pre-touch: Enabled
[2026-01-08T02:52:33.150+0000][0.149s] Parallel Workers: 8
[2026-01-08T02:52:33.150+0000][0.149s] Concurrent Workers: 2
[2026-01-08T02:52:33.150+0000][0.149s] Concurrent Refinement Workers: 8
[2026-01-08T02:52:33.150+0000][0.149s] Periodic GC: Disabled
[2026-01-08T02:52:33.159+0000][0.158s] CDS archive(s) mapped at: [0x000000f800000000-0x000000f800a70000-0x000000f800a70000), size 10944512, SharedBaseAddress: 0x000000f800000000, ArchiveRelocationMode: 1.
[2026-01-08T02:52:33.159+0000][0.158s] Compressed class space mapped at: 0x000000f801000000-0x000000f841000000, reserved size: 1073741824
[2026-01-08T02:52:33.160+0000][0.158s] Narrow klass base: 0x000000f800000000, Narrow klass shift: 0, Narrow klass range: 0x100000000
[2026-01-08T02:52:34.319+0000][1.318s] GC(0) Pause Young (Normal) (G1 Evacuation Pause)
[2026-01-08T02:52:34.319+0000][1.318s] GC(0) Using 8 workers of 8 for evacuation
[2026-01-08T02:52:34.323+0000][1.321s] GC(0)   Pre Evacuate Collection Set: 0.1ms
[2026-01-08T02:52:34.323+0000][1.321s] GC(0)   Merge Heap Roots: 0.1ms
[2026-01-08T02:52:34.323+0000][1.321s] GC(0)   Evacuate Collection Set: 2.5ms
[2026-01-08T02:52:34.323+0000][1.321s] GC(0)   Post Evacuate Collection Set: 0.3ms
[2026-01-08T02:52:34.323+0000][1.321s] GC(0)   Other: 0.2ms
[2026-01-08T02:52:34.323+0000][1.321s] GC(0) Eden regions: 29->0(57)
[2026-01-08T02:52:34.323+0000][1.321s] GC(0) Survivor regions: 0->4(4)
[2026-01-08T02:52:34.323+0000][1.321s] GC(0) Old regions: 0->1
[2026-01-08T02:52:34.323+0000][1.321s] GC(0) Archive regions: 2->2
[2026-01-08T02:52:34.323+0000][1.321s] GC(0) Humongous regions: 0->0
[2026-01-08T02:52:34.323+0000][1.321s] GC(0) Metaspace: 9936K(10176K)->9936K(10176K) NonClass: 8705K(8832K)->8705K(8832K) Class: 1230K(1344K)->1230K(1344K)
[2026-01-08T02:52:34.323+0000][1.322s] GC(0) Pause Young (Normal) (G1 Evacuation Pause) 29M->5M(512M) 3.800ms
[2026-01-08T02:52:34.323+0000][1.322s] GC(0) User=0.02s Sys=0.01s Real=0.01s
[2026-01-08T02:52:34.699+0000][1.698s] GC(1) Pause Young (Normal) (G1 Evacuation Pause)
[2026-01-08T02:52:34.700+0000][1.698s] GC(1) Using 8 workers of 8 for evacuation
[2026-01-08T02:52:34.707+0000][1.705s] GC(1)   Pre Evacuate Collection Set: 0.1ms
[2026-01-08T02:52:34.707+0000][1.705s] GC(1)   Merge Heap Roots: 0.1ms
[2026-01-08T02:52:34.707+0000][1.705s] GC(1)   Evacuate Collection Set: 6.3ms
[2026-01-08T02:52:34.707+0000][1.705s] GC(1)   Post Evacuate Collection Set: 0.5ms
[2026-01-08T02:52:34.707+0000][1.705s] GC(1)   Other: 0.2ms
[2026-01-08T02:52:34.707+0000][1.705s] GC(1) Eden regions: 54->0(165)
[2026-01-08T02:52:34.707+0000][1.705s] GC(1) Survivor regions: 4->8(8)
[2026-01-08T02:52:34.707+0000][1.705s] GC(1) Old regions: 1->8
[2026-01-08T02:52:34.707+0000][1.705s] GC(1) Archive regions: 2->2
[2026-01-08T02:52:34.707+0000][1.705s] GC(1) Humongous regions: 4->4
[2026-01-08T02:52:34.707+0000][1.705s] GC(1) Metaspace: 17908K(18240K)->17908K(18240K) NonClass: 15709K(15872K)->15709K(15872K) Class: 2198K(2368K)->2198K(2368K)
[2026-01-08T02:52:34.707+0000][1.706s] GC(1) Pause Young (Normal) (G1 Evacuation Pause) 63M->20M(512M) 7.601ms
[2026-01-08T02:52:34.707+0000][1.706s] GC(1) User=0.05s Sys=0.00s Real=0.01s
[2026-01-08T02:52:34.939+0000][1.938s] GC(2) Pause Young (Concurrent Start) (Metadata GC Threshold)
[2026-01-08T02:52:34.939+0000][1.938s] GC(2) Using 8 workers of 8 for evacuation
[2026-01-08T02:52:34.943+0000][1.941s] GC(2)   Pre Evacuate Collection Set: 0.1ms
[2026-01-08T02:52:34.943+0000][1.941s] GC(2)   Merge Heap Roots: 0.1ms
[2026-01-08T02:52:34.943+0000][1.941s] GC(2)   Evacuate Collection Set: 2.5ms
[2026-01-08T02:52:34.943+0000][1.941s] GC(2)   Post Evacuate Collection Set: 0.4ms
[2026-01-08T02:52:34.943+0000][1.941s] GC(2)   Other: 0.3ms
[2026-01-08T02:52:34.943+0000][1.941s] GC(2) Eden regions: 35->0(111)
[2026-01-08T02:52:34.943+0000][1.941s] GC(2) Survivor regions: 8->12(22)
[2026-01-08T02:52:34.943+0000][1.941s] GC(2) Old regions: 8->8
[2026-01-08T02:52:34.943+0000][1.941s] GC(2) Archive regions: 2->2
[2026-01-08T02:52:34.943+0000][1.942s] GC(2) Humongous regions: 4->4
[2026-01-08T02:52:34.943+0000][1.942s] GC(2) Metaspace: 21170K(21504K)->21170K(21504K) NonClass: 18575K(18752K)->18575K(18752K) Class: 2595K(2752K)->2595K(2752K)
[2026-01-08T02:52:34.943+0000][1.942s] GC(2) Pause Young (Concurrent Start) (Metadata GC Threshold) 54M->23M(512M) 3.766ms
[2026-01-08T02:52:34.943+0000][1.942s] GC(2) User=0.02s Sys=0.00s Real=0.01s
[2026-01-08T02:52:34.943+0000][1.942s] GC(3) Concurrent Mark Cycle
[2026-01-08T02:52:34.944+0000][1.942s] GC(3) Concurrent Clear Claimed Marks
[2026-01-08T02:52:34.944+0000][1.942s] GC(3) Concurrent Clear Claimed Marks 0.182ms
[2026-01-08T02:52:34.944+0000][1.942s] GC(3) Concurrent Scan Root Regions
[2026-01-08T02:52:34.946+0000][1.944s] GC(3) Concurrent Scan Root Regions 1.945ms
[2026-01-08T02:52:34.946+0000][1.944s] GC(3) Concurrent Mark
[2026-01-08T02:52:34.946+0000][1.944s] GC(3) Concurrent Mark From Roots
[2026-01-08T02:52:34.946+0000][1.945s] GC(3) Using 2 workers of 2 for marking
[2026-01-08T02:52:34.950+0000][1.949s] GC(3) Concurrent Mark From Roots 4.045ms
[2026-01-08T02:52:34.950+0000][1.949s] GC(3) Concurrent Preclean
[2026-01-08T02:52:34.950+0000][1.949s] GC(3) Concurrent Preclean 0.147ms
[2026-01-08T02:52:34.951+0000][1.949s] GC(3) Pause Remark
[2026-01-08T02:52:34.952+0000][1.951s] GC(3) Pause Remark 24M->24M(512M) 1.588ms
[2026-01-08T02:52:34.952+0000][1.951s] GC(3) User=0.01s Sys=0.00s Real=0.00s
[2026-01-08T02:52:34.952+0000][1.951s] GC(3) Concurrent Mark 6.296ms
[2026-01-08T02:52:34.952+0000][1.951s] GC(3) Concurrent Rebuild Remembered Sets
[2026-01-08T02:52:34.955+0000][1.954s] GC(3) Concurrent Rebuild Remembered Sets 2.820ms
[2026-01-08T02:52:34.955+0000][1.954s] GC(3) Pause Cleanup
[2026-01-08T02:52:34.956+0000][1.954s] GC(3) Pause Cleanup 24M->24M(512M) 0.246ms
[2026-01-08T02:52:34.956+0000][1.954s] GC(3) User=0.00s Sys=0.00s Real=0.00s
[2026-01-08T02:52:34.956+0000][1.954s] GC(3) Concurrent Cleanup for Next Mark
[2026-01-08T02:52:34.959+0000][1.958s] GC(3) Concurrent Cleanup for Next Mark 3.704ms
[2026-01-08T02:52:34.960+0000][1.958s] GC(3) Concurrent Mark Cycle 16.345ms
[2026-01-08T02:52:35.916+0000][2.914s] GC(4) Pause Young (Normal) (G1 Evacuation Pause)
[2026-01-08T02:52:35.916+0000][2.915s] GC(4) Using 8 workers of 8 for evacuation
[2026-01-08T02:52:35.927+0000][2.925s] GC(4)   Pre Evacuate Collection Set: 0.3ms
[2026-01-08T02:52:35.927+0000][2.925s] GC(4)   Merge Heap Roots: 0.1ms
[2026-01-08T02:52:35.927+0000][2.925s] GC(4)   Evacuate Collection Set: 7.8ms
[2026-01-08T02:52:35.927+0000][2.925s] GC(4)   Post Evacuate Collection Set: 2.0ms
[2026-01-08T02:52:35.927+0000][2.925s] GC(4)   Other: 0.5ms
[2026-01-08T02:52:35.927+0000][2.925s] GC(4) Eden regions: 110->0(297)
[2026-01-08T02:52:35.927+0000][2.925s] GC(4) Survivor regions: 12->10(16)
[2026-01-08T02:52:35.927+0000][2.925s] GC(4) Old regions: 8->16
[2026-01-08T02:52:35.927+0000][2.925s] GC(4) Archive regions: 2->2
[2026-01-08T02:52:35.927+0000][2.926s] GC(4) Humongous regions: 4->4
[2026-01-08T02:52:35.927+0000][2.926s] GC(4) Metaspace: 35765K(36160K)->35765K(36160K) NonClass: 31293K(31488K)->31293K(31488K) Class: 4471K(4672K)->4471K(4672K)
[2026-01-08T02:52:35.927+0000][2.926s] GC(4) Pause Young (Normal) (G1 Evacuation Pause) 133M->30M(512M) 11.336ms
[2026-01-08T02:52:35.927+0000][2.926s] GC(4) User=0.06s Sys=0.00s Real=0.01s
[2026-01-08T02:52:35.929+0000][2.928s] GC(5) Pause Young (Concurrent Start) (Metadata GC Threshold)
[2026-01-08T02:52:35.930+0000][2.928s] GC(5) Using 8 workers of 8 for evacuation
[2026-01-08T02:52:35.934+0000][2.933s] GC(5)   Pre Evacuate Collection Set: 0.1ms
[2026-01-08T02:52:35.935+0000][2.933s] GC(5)   Merge Heap Roots: 0.1ms
[2026-01-08T02:52:35.935+0000][2.933s] GC(5)   Evacuate Collection Set: 4.1ms
[2026-01-08T02:52:35.935+0000][2.933s] GC(5)   Post Evacuate Collection Set: 0.4ms
[2026-01-08T02:52:35.935+0000][2.933s] GC(5)   Other: 0.3ms
[2026-01-08T02:52:35.935+0000][2.933s] GC(5) Eden regions: 2->0(297)
[2026-01-08T02:52:35.935+0000][2.933s] GC(5) Survivor regions: 10->10(39)
[2026-01-08T02:52:35.935+0000][2.933s] GC(5) Old regions: 16->16
[2026-01-08T02:52:35.935+0000][2.933s] GC(5) Archive regions: 2->2
[2026-01-08T02:52:35.935+0000][2.933s] GC(5) Humongous regions: 4->4
[2026-01-08T02:52:35.935+0000][2.934s] GC(5) Metaspace: 35812K(36160K)->35812K(36160K) NonClass: 31329K(31488K)->31329K(31488K) Class: 4483K(4672K)->4483K(4672K)
[2026-01-08T02:52:35.935+0000][2.934s] GC(5) Pause Young (Concurrent Start) (Metadata GC Threshold) 31M->29M(512M) 5.711ms
[2026-01-08T02:52:35.935+0000][2.934s] GC(5) User=0.02s Sys=0.00s Real=0.01s
[2026-01-08T02:52:35.935+0000][2.934s] GC(6) Concurrent Mark Cycle
[2026-01-08T02:52:35.935+0000][2.934s] GC(6) Concurrent Clear Claimed Marks
[2026-01-08T02:52:35.936+0000][2.934s] GC(6) Concurrent Clear Claimed Marks 0.508ms
[2026-01-08T02:52:35.937+0000][2.936s] GC(6) Concurrent Scan Root Regions
[2026-01-08T02:52:35.942+0000][2.940s] GC(6) Concurrent Scan Root Regions 4.415ms
[2026-01-08T02:52:35.942+0000][2.941s] GC(6) Concurrent Mark
[2026-01-08T02:52:35.942+0000][2.941s] GC(6) Concurrent Mark From Roots
[2026-01-08T02:52:35.942+0000][2.941s] GC(6) Using 2 workers of 2 for marking
[2026-01-08T02:52:35.952+0000][2.950s] GC(6) Concurrent Mark From Roots 9.641ms
[2026-01-08T02:52:35.952+0000][2.951s] GC(6) Concurrent Preclean
[2026-01-08T02:52:35.952+0000][2.951s] GC(6) Concurrent Preclean 0.194ms
[2026-01-08T02:52:35.953+0000][2.952s] GC(6) Pause Remark
[2026-01-08T02:52:35.956+0000][2.954s] GC(6) Pause Remark 31M->31M(512M) 2.203ms
[2026-01-08T02:52:35.956+0000][2.954s] GC(6) User=0.01s Sys=0.00s Real=0.00s
[2026-01-08T02:52:35.956+0000][2.954s] GC(6) Concurrent Mark 13.723ms
[2026-01-08T02:52:35.956+0000][2.954s] GC(6) Concurrent Rebuild Remembered Sets
[2026-01-08T02:52:35.961+0000][2.960s] GC(6) Concurrent Rebuild Remembered Sets 5.492ms
[2026-01-08T02:52:35.963+0000][2.962s] GC(6) Pause Cleanup
[2026-01-08T02:52:35.964+0000][2.962s] GC(6) Pause Cleanup 32M->32M(512M) 0.232ms
[2026-01-08T02:52:35.964+0000][2.962s] GC(6) User=0.00s Sys=0.00s Real=0.00s
[2026-01-08T02:52:35.964+0000][2.962s] GC(6) Concurrent Cleanup for Next Mark
[2026-01-08T02:52:35.969+0000][2.968s] GC(6) Concurrent Cleanup for Next Mark 5.599ms
[2026-01-08T02:52:35.970+0000][2.968s] GC(6) Concurrent Mark Cycle 34.430ms
[2026-01-08T02:56:15.389+0000][222.339s] Heap
[2026-01-08T02:56:15.389+0000][222.340s]  garbage-first heap   total 524288K, used 287993K [0x00000000e0000000, 0x0000000100000000)
[2026-01-08T02:56:15.389+0000][222.340s]   region size 1024K, 262 young (268288K), 10 survivors (10240K)
[2026-01-08T02:56:15.389+0000][222.340s]  Metaspace       used 55935K, committed 56512K, reserved 1114112K
[2026-01-08T02:56:15.389+0000][222.340s]   class space    used 7181K, committed 7424K, reserved 1048576K
