[2026-01-08T03:08:10.109+0000][0.006s] Using G1
[2026-01-08T03:08:10.270+0000][0.166s] Version: 17.0.17+10 (release)
[2026-01-08T03:08:10.270+0000][0.167s] CPUs: 8 total, 8 available
[2026-01-08T03:08:10.270+0000][0.167s] Memory: 3919M
[2026-01-08T03:08:10.270+0000][0.167s] Large Page Support: Disabled
[2026-01-08T03:08:10.270+0000][0.167s] NUMA Support: Disabled
[2026-01-08T03:08:10.270+0000][0.167s] Compressed Oops: Enabled (32-bit)
[2026-01-08T03:08:10.270+0000][0.167s] Heap Region Size: 1M
[2026-01-08T03:08:10.270+0000][0.167s] Heap Min Capacity: 512M
[2026-01-08T03:08:10.270+0000][0.167s] Heap Initial Capacity: 512M
[2026-01-08T03:08:10.270+0000][0.167s] Heap Max Capacity: 512M
[2026-01-08T03:08:10.270+0000][0.167s] Pre-touch: Enabled
[2026-01-08T03:08:10.270+0000][0.167s] Parallel Workers: 8
[2026-01-08T03:08:10.270+0000][0.167s] Concurrent Workers: 2
[2026-01-08T03:08:10.270+0000][0.167s] Concurrent Refinement Workers: 8
[2026-01-08T03:08:10.271+0000][0.167s] Periodic GC: Disabled
[2026-01-08T03:08:10.278+0000][0.175s] CDS archive(s) mapped at: [0x0000000700000000-0x0000000700a70000-0x0000000700a70000), size 10944512, SharedBaseAddress: 0x0000000700000000, ArchiveRelocationMode: 1.
[2026-01-08T03:08:10.278+0000][0.175s] Compressed class space mapped at: 0x0000000701000000-0x0000000741000000, reserved size: 1073741824
[2026-01-08T03:08:10.278+0000][0.175s] Narrow klass base: 0x0000000700000000, Narrow klass shift: 0, Narrow klass range: 0x100000000
[2026-01-08T03:08:11.540+0000][1.437s] GC(0) Pause Young (Normal) (G1 Evacuation Pause)
[2026-01-08T03:08:11.540+0000][1.437s] GC(0) Using 8 workers of 8 for evacuation
[2026-01-08T03:08:11.545+0000][1.441s] GC(0)   Pre Evacuate Collection Set: 0.1ms
[2026-01-08T03:08:11.545+0000][1.441s] GC(0)   Merge Heap Roots: 0.1ms
[2026-01-08T03:08:11.545+0000][1.441s] GC(0)   Evacuate Collection Set: 3.6ms
[2026-01-08T03:08:11.545+0000][1.441s] GC(0)   Post Evacuate Collection Set: 0.4ms
[2026-01-08T03:08:11.545+0000][1.442s] GC(0)   Other: 0.2ms
[2026-01-08T03:08:11.545+0000][1.442s] GC(0) Eden regions: 29->0(57)
[2026-01-08T03:08:11.545+0000][1.442s] GC(0) Survivor regions: 0->4(4)
[2026-01-08T03:08:11.545+0000][1.442s] GC(0) Old regions: 0->1
[2026-01-08T03:08:11.545+0000][1.442s] GC(0) Archive regions: 2->2
[2026-01-08T03:08:11.545+0000][1.442s] GC(0) Humongous regions: 0->0
[2026-01-08T03:08:11.545+0000][1.442s] GC(0) Metaspace: 9954K(10176K)->9954K(10176K) NonClass: 8721K(8832K)->8721K(8832K) Class: 1232K(1344K)->1232K(1344K)
[2026-01-08T03:08:11.545+0000][1.442s] GC(0) Pause Young (Normal) (G1 Evacuation Pause) 29M->5M(512M) 5.169ms
[2026-01-08T03:08:11.545+0000][1.442s] GC(0) User=0.01s Sys=0.01s Real=0.01s
[2026-01-08T03:08:11.968+0000][1.865s] GC(1) Pause Young (Normal) (G1 Evacuation Pause)
[2026-01-08T03:08:11.968+0000][1.865s] GC(1) Using 8 workers of 8 for evacuation
[2026-01-08T03:08:11.976+0000][1.873s] GC(1)   Pre Evacuate Collection Set: 0.1ms
[2026-01-08T03:08:11.976+0000][1.873s] GC(1)   Merge Heap Roots: 0.1ms
[2026-01-08T03:08:11.976+0000][1.873s] GC(1)   Evacuate Collection Set: 6.6ms
[2026-01-08T03:08:11.976+0000][1.873s] GC(1)   Post Evacuate Collection Set: 0.6ms
[2026-01-08T03:08:11.976+0000][1.873s] GC(1)   Other: 0.3ms
[2026-01-08T03:08:11.976+0000][1.873s] GC(1) Eden regions: 55->0(75)
[2026-01-08T03:08:11.976+0000][1.873s] GC(1) Survivor regions: 4->8(8)
[2026-01-08T03:08:11.976+0000][1.873s] GC(1) Old regions: 1->8
[2026-01-08T03:08:11.976+0000][1.873s] GC(1) Archive regions: 2->2
[2026-01-08T03:08:11.976+0000][1.873s] GC(1) Humongous regions: 4->4
[2026-01-08T03:08:11.976+0000][1.873s] GC(1) Metaspace: 17907K(18240K)->17907K(18240K) NonClass: 15708K(15872K)->15708K(15872K) Class: 2198K(2368K)->2198K(2368K)
[2026-01-08T03:08:11.976+0000][1.873s] GC(1) Pause Young (Normal) (G1 Evacuation Pause) 64M->20M(512M) 8.237ms
[2026-01-08T03:08:11.976+0000][1.873s] GC(1) User=0.04s Sys=0.00s Real=0.01s
[2026-01-08T03:08:12.209+0000][2.106s] GC(2) Pause Young (Concurrent Start) (Metadata GC Threshold)
[2026-01-08T03:08:12.209+0000][2.106s] GC(2) Using 8 workers of 8 for evacuation
[2026-01-08T03:08:12.213+0000][2.110s] GC(2)   Pre Evacuate Collection Set: 0.2ms
[2026-01-08T03:08:12.213+0000][2.110s] GC(2)   Merge Heap Roots: 0.1ms
[2026-01-08T03:08:12.213+0000][2.110s] GC(2)   Evacuate Collection Set: 2.9ms
[2026-01-08T03:08:12.213+0000][2.110s] GC(2)   Post Evacuate Collection Set: 0.5ms
[2026-01-08T03:08:12.213+0000][2.110s] GC(2)   Other: 0.4ms
[2026-01-08T03:08:12.213+0000][2.110s] GC(2) Eden regions: 33->0(87)
[2026-01-08T03:08:12.213+0000][2.110s] GC(2) Survivor regions: 8->8(11)
[2026-01-08T03:08:12.213+0000][2.110s] GC(2) Old regions: 8->12
[2026-01-08T03:08:12.214+0000][2.110s] GC(2) Archive regions: 2->2
[2026-01-08T03:08:12.214+0000][2.110s] GC(2) Humongous regions: 4->4
[2026-01-08T03:08:12.214+0000][2.110s] GC(2) Metaspace: 21216K(21504K)->21216K(21504K) NonClass: 18612K(18752K)->18612K(18752K) Class: 2603K(2752K)->2603K(2752K)
[2026-01-08T03:08:12.214+0000][2.110s] GC(2) Pause Young (Concurrent Start) (Metadata GC Threshold) 53M->23M(512M) 4.501ms
[2026-01-08T03:08:12.214+0000][2.110s] GC(2) User=0.02s Sys=0.00s Real=0.01s
[2026-01-08T03:08:12.214+0000][2.110s] GC(3) Concurrent Mark Cycle
[2026-01-08T03:08:12.214+0000][2.111s] GC(3) Concurrent Clear Claimed Marks
[2026-01-08T03:08:12.214+0000][2.111s] GC(3) Concurrent Clear Claimed Marks 0.121ms
[2026-01-08T03:08:12.214+0000][2.111s] GC(3) Concurrent Scan Root Regions
[2026-01-08T03:08:12.216+0000][2.113s] GC(3) Concurrent Scan Root Regions 2.084ms
[2026-01-08T03:08:12.217+0000][2.113s] GC(3) Concurrent Mark
[2026-01-08T03:08:12.217+0000][2.113s] GC(3) Concurrent Mark From Roots
[2026-01-08T03:08:12.217+0000][2.113s] GC(3) Using 2 workers of 2 for marking
[2026-01-08T03:08:12.222+0000][2.118s] GC(3) Concurrent Mark From Roots 5.099ms
[2026-01-08T03:08:12.222+0000][2.119s] GC(3) Concurrent Preclean
[2026-01-08T03:08:12.222+0000][2.119s] GC(3) Concurrent Preclean 0.132ms
[2026-01-08T03:08:12.222+0000][2.119s] GC(3) Pause Remark
[2026-01-08T03:08:12.224+0000][2.121s] GC(3) Pause Remark 24M->24M(512M) 1.844ms
[2026-01-08T03:08:12.224+0000][2.121s] GC(3) User=0.00s Sys=0.01s Real=0.00s
[2026-01-08T03:08:12.224+0000][2.121s] GC(3) Concurrent Mark 7.741ms
[2026-01-08T03:08:12.224+0000][2.121s] GC(3) Concurrent Rebuild Remembered Sets
[2026-01-08T03:08:12.228+0000][2.124s] GC(3) Concurrent Rebuild Remembered Sets 3.209ms
[2026-01-08T03:08:12.229+0000][2.125s] GC(3) Pause Cleanup
[2026-01-08T03:08:12.229+0000][2.125s] GC(3) Pause Cleanup 24M->24M(512M) 0.169ms
[2026-01-08T03:08:12.229+0000][2.125s] GC(3) User=0.00s Sys=0.00s Real=0.00s
[2026-01-08T03:08:12.229+0000][2.126s] GC(3) Concurrent Cleanup for Next Mark
[2026-01-08T03:08:12.231+0000][2.127s] GC(3) Concurrent Cleanup for Next Mark 1.562ms
[2026-01-08T03:08:12.231+0000][2.127s] GC(3) Concurrent Mark Cycle 16.809ms
[2026-01-08T03:08:12.989+0000][2.886s] GC(4) Pause Young (Normal) (G1 Evacuation Pause)
[2026-01-08T03:08:12.989+0000][2.886s] GC(4) Using 8 workers of 8 for evacuation
[2026-01-08T03:08:13.057+0000][2.954s] GC(4)   Pre Evacuate Collection Set: 0.1ms
[2026-01-08T03:08:13.058+0000][2.954s] GC(4)   Merge Heap Roots: 0.1ms
[2026-01-08T03:08:13.058+0000][2.955s] GC(4)   Evacuate Collection Set: 63.2ms
[2026-01-08T03:08:13.058+0000][2.955s] GC(4)   Post Evacuate Collection Set: 4.2ms
[2026-01-08T03:08:13.058+0000][2.955s] GC(4)   Other: 0.6ms
[2026-01-08T03:08:13.058+0000][2.955s] GC(4) Eden regions: 87->0(298)
[2026-01-08T03:08:13.058+0000][2.955s] GC(4) Survivor regions: 8->9(12)
[2026-01-08T03:08:13.058+0000][2.955s] GC(4) Old regions: 12->17
[2026-01-08T03:08:13.058+0000][2.955s] GC(4) Archive regions: 2->2
[2026-01-08T03:08:13.058+0000][2.955s] GC(4) Humongous regions: 4->4
[2026-01-08T03:08:13.059+0000][2.955s] GC(4) Metaspace: 35794K(36160K)->35794K(36160K) NonClass: 31311K(31488K)->31311K(31488K) Class: 4483K(4672K)->4483K(4672K)
[2026-01-08T03:08:13.059+0000][2.955s] GC(4) Pause Young (Normal) (G1 Evacuation Pause) 110M->30M(512M) 69.424ms
[2026-01-08T03:08:13.059+0000][2.955s] GC(4) User=0.47s Sys=0.04s Real=0.07s
[2026-01-08T03:08:13.065+0000][2.961s] GC(5) Pause Young (Concurrent Start) (Metadata GC Threshold)
[2026-01-08T03:08:13.065+0000][2.962s] GC(5) Using 8 workers of 8 for evacuation
[2026-01-08T03:08:13.070+0000][2.967s] GC(5)   Pre Evacuate Collection Set: 0.2ms
[2026-01-08T03:08:13.070+0000][2.967s] GC(5)   Merge Heap Roots: 0.1ms
[2026-01-08T03:08:13.070+0000][2.967s] GC(5)   Evacuate Collection Set: 3.6ms
[2026-01-08T03:08:13.070+0000][2.967s] GC(5)   Post Evacuate Collection Set: 0.9ms
[2026-01-08T03:08:13.070+0000][2.967s] GC(5)   Other: 0.5ms
[2026-01-08T03:08:13.070+0000][2.967s] GC(5) Eden regions: 2->0(298)
[2026-01-08T03:08:13.071+0000][2.967s] GC(5) Survivor regions: 9->9(39)
[2026-01-08T03:08:13.071+0000][2.967s] GC(5) Old regions: 17->17
[2026-01-08T03:08:13.071+0000][2.967s] GC(5) Archive regions: 2->2
[2026-01-08T03:08:13.071+0000][2.967s] GC(5) Humongous regions: 4->4
[2026-01-08T03:08:13.071+0000][2.967s] GC(5) Metaspace: 35801K(36160K)->35801K(36160K) NonClass: 31315K(31488K)->31315K(31488K) Class: 4485K(4672K)->4485K(4672K)
[2026-01-08T03:08:13.071+0000][2.968s] GC(5) Pause Young (Concurrent Start) (Metadata GC Threshold) 31M->30M(512M) 6.134ms
[2026-01-08T03:08:13.071+0000][2.968s] GC(5) User=0.03s Sys=0.00s Real=0.01s
[2026-01-08T03:08:13.071+0000][2.968s] GC(6) Concurrent Mark Cycle
[2026-01-08T03:08:13.071+0000][2.968s] GC(6) Concurrent Clear Claimed Marks
[2026-01-08T03:08:13.072+0000][2.968s] GC(6) Concurrent Clear Claimed Marks 0.361ms
[2026-01-08T03:08:13.072+0000][2.968s] GC(6) Concurrent Scan Root Regions
[2026-01-08T03:08:13.076+0000][2.972s] GC(6) Concurrent Scan Root Regions 3.770ms
[2026-01-08T03:08:13.076+0000][2.973s] GC(6) Concurrent Mark
[2026-01-08T03:08:13.077+0000][2.973s] GC(6) Concurrent Mark From Roots
[2026-01-08T03:08:13.077+0000][2.974s] GC(6) Using 2 workers of 2 for marking
[2026-01-08T03:08:13.088+0000][2.984s] GC(6) Concurrent Mark From Roots 10.880ms
[2026-01-08T03:08:13.088+0000][2.985s] GC(6) Concurrent Preclean
[2026-01-08T03:08:13.089+0000][2.986s] GC(6) Concurrent Preclean 0.993ms
[2026-01-08T03:08:13.090+0000][2.987s] GC(6) Pause Remark
[2026-01-08T03:08:13.093+0000][2.989s] GC(6) Pause Remark 31M->31M(512M) 2.663ms
[2026-01-08T03:08:13.093+0000][2.989s] GC(6) User=0.01s Sys=0.00s Real=0.01s
[2026-01-08T03:08:13.093+0000][2.990s] GC(6) Concurrent Mark 17.058ms
[2026-01-08T03:08:13.093+0000][2.990s] GC(6) Concurrent Rebuild Remembered Sets
[2026-01-08T03:08:13.097+0000][2.994s] GC(6) Concurrent Rebuild Remembered Sets 4.212ms
[2026-01-08T03:08:13.098+0000][2.994s] GC(6) Pause Cleanup
[2026-01-08T03:08:13.098+0000][2.994s] GC(6) Pause Cleanup 32M->32M(512M) 0.150ms
[2026-01-08T03:08:13.098+0000][2.994s] GC(6) User=0.00s Sys=0.00s Real=0.00s
[2026-01-08T03:08:13.098+0000][2.995s] GC(6) Concurrent Cleanup for Next Mark
[2026-01-08T03:08:13.100+0000][2.997s] GC(6) Concurrent Cleanup for Next Mark 2.277ms
[2026-01-08T03:08:13.100+0000][2.997s] GC(6) Concurrent Mark Cycle 29.273ms
[2026-01-08T03:17:46.914+0000][576.833s] Heap
[2026-01-08T03:17:46.916+0000][576.835s]  garbage-first heap   total 524288K, used 269675K [0x00000000e0000000, 0x0000000100000000)
[2026-01-08T03:17:46.916+0000][576.836s]   region size 1024K, 242 young (247808K), 9 survivors (9216K)
[2026-01-08T03:17:46.916+0000][576.836s]  Metaspace       used 56869K, committed 57472K, reserved 1114112K
[2026-01-08T03:17:46.916+0000][576.836s]   class space    used 7300K, committed 7552K, reserved 1048576K
