[2025-11-27T04:33:08.298+0000][0.005s] Using G1
[2025-11-27T04:33:08.497+0000][0.205s] Version: 17.0.16+8 (release)
[2025-11-27T04:33:08.498+0000][0.205s] CPUs: 8 total, 8 available
[2025-11-27T04:33:08.498+0000][0.205s] Memory: 3919M
[2025-11-27T04:33:08.498+0000][0.205s] Large Page Support: Disabled
[2025-11-27T04:33:08.498+0000][0.205s] NUMA Support: Disabled
[2025-11-27T04:33:08.498+0000][0.205s] Compressed Oops: Enabled (32-bit)
[2025-11-27T04:33:08.498+0000][0.205s] Heap Region Size: 1M
[2025-11-27T04:33:08.498+0000][0.205s] Heap Min Capacity: 512M
[2025-11-27T04:33:08.498+0000][0.205s] Heap Initial Capacity: 512M
[2025-11-27T04:33:08.498+0000][0.205s] Heap Max Capacity: 512M
[2025-11-27T04:33:08.498+0000][0.205s] Pre-touch: Enabled
[2025-11-27T04:33:08.498+0000][0.205s] Parallel Workers: 8
[2025-11-27T04:33:08.498+0000][0.205s] Concurrent Workers: 2
[2025-11-27T04:33:08.498+0000][0.205s] Concurrent Refinement Workers: 8
[2025-11-27T04:33:08.498+0000][0.205s] Periodic GC: Disabled
[2025-11-27T04:33:08.507+0000][0.214s] CDS archive(s) mapped at: [0x0000000300000000-0x0000000300a70000-0x0000000300a70000), size 10944512, SharedBaseAddress: 0x0000000300000000, ArchiveRelocationMode: 1.
[2025-11-27T04:33:08.507+0000][0.214s] Compressed class space mapped at: 0x0000000301000000-0x0000000341000000, reserved size: 1073741824
[2025-11-27T04:33:08.507+0000][0.214s] Narrow klass base: 0x0000000300000000, Narrow klass shift: 0, Narrow klass range: 0x100000000
[2025-11-27T04:33:09.007+0000][0.714s] GC(0) Pause Young (Normal) (G1 Evacuation Pause)
[2025-11-27T04:33:09.007+0000][0.714s] GC(0) Using 8 workers of 8 for evacuation
[2025-11-27T04:33:09.011+0000][0.718s] GC(0)   Pre Evacuate Collection Set: 0.4ms
[2025-11-27T04:33:09.011+0000][0.718s] GC(0)   Merge Heap Roots: 0.1ms
[2025-11-27T04:33:09.011+0000][0.718s] GC(0)   Evacuate Collection Set: 2.3ms
[2025-11-27T04:33:09.011+0000][0.718s] GC(0)   Post Evacuate Collection Set: 0.9ms
[2025-11-27T04:33:09.011+0000][0.718s] GC(0)   Other: 0.4ms
[2025-11-27T04:33:09.011+0000][0.718s] GC(0) Eden regions: 29->0(57)
[2025-11-27T04:33:09.011+0000][0.718s] GC(0) Survivor regions: 0->4(4)
[2025-11-27T04:33:09.011+0000][0.718s] GC(0) Old regions: 0->1
[2025-11-27T04:33:09.011+0000][0.719s] GC(0) Archive regions: 2->2
[2025-11-27T04:33:09.011+0000][0.719s] GC(0) Humongous regions: 0->0
[2025-11-27T04:33:09.011+0000][0.719s] GC(0) Metaspace: 9903K(10176K)->9903K(10176K) NonClass: 8676K(8832K)->8676K(8832K) Class: 1227K(1344K)->1227K(1344K)
[2025-11-27T04:33:09.012+0000][0.719s] GC(0) Pause Young (Normal) (G1 Evacuation Pause) 29M->5M(512M) 4.922ms
[2025-11-27T04:33:09.012+0000][0.719s] GC(0) User=0.01s Sys=0.01s Real=0.00s
[2025-11-27T04:33:09.374+0000][1.081s] GC(1) Pause Young (Normal) (G1 Evacuation Pause)
[2025-11-27T04:33:09.374+0000][1.081s] GC(1) Using 8 workers of 8 for evacuation
[2025-11-27T04:33:09.382+0000][1.090s] GC(1)   Pre Evacuate Collection Set: 0.1ms
[2025-11-27T04:33:09.383+0000][1.090s] GC(1)   Merge Heap Roots: 0.1ms
[2025-11-27T04:33:09.383+0000][1.090s] GC(1)   Evacuate Collection Set: 6.5ms
[2025-11-27T04:33:09.383+0000][1.090s] GC(1)   Post Evacuate Collection Set: 1.5ms
[2025-11-27T04:33:09.383+0000][1.090s] GC(1)   Other: 0.3ms
[2025-11-27T04:33:09.383+0000][1.090s] GC(1) Eden regions: 54->0(198)
[2025-11-27T04:33:09.383+0000][1.090s] GC(1) Survivor regions: 4->8(8)
[2025-11-27T04:33:09.383+0000][1.090s] GC(1) Old regions: 1->9
[2025-11-27T04:33:09.383+0000][1.090s] GC(1) Archive regions: 2->2
[2025-11-27T04:33:09.383+0000][1.090s] GC(1) Humongous regions: 4->4
[2025-11-27T04:33:09.383+0000][1.090s] GC(1) Metaspace: 17817K(18176K)->17817K(18176K) NonClass: 15625K(15808K)->15625K(15808K) Class: 2192K(2368K)->2192K(2368K)
[2025-11-27T04:33:09.383+0000][1.090s] GC(1) Pause Young (Normal) (G1 Evacuation Pause) 63M->21M(512M) 9.212ms
[2025-11-27T04:33:09.383+0000][1.090s] GC(1) User=0.05s Sys=0.01s Real=0.00s
[2025-11-27T04:33:09.544+0000][1.251s] GC(2) Pause Young (Concurrent Start) (Metadata GC Threshold)
[2025-11-27T04:33:09.544+0000][1.252s] GC(2) Using 8 workers of 8 for evacuation
[2025-11-27T04:33:09.548+0000][1.255s] GC(2)   Pre Evacuate Collection Set: 0.1ms
[2025-11-27T04:33:09.548+0000][1.255s] GC(2)   Merge Heap Roots: 0.1ms
[2025-11-27T04:33:09.548+0000][1.255s] GC(2)   Evacuate Collection Set: 2.7ms
[2025-11-27T04:33:09.548+0000][1.255s] GC(2)   Post Evacuate Collection Set: 0.4ms
[2025-11-27T04:33:09.548+0000][1.255s] GC(2)   Other: 0.4ms
[2025-11-27T04:33:09.548+0000][1.255s] GC(2) Eden regions: 30->0(185)
[2025-11-27T04:33:09.548+0000][1.256s] GC(2) Survivor regions: 8->11(26)
[2025-11-27T04:33:09.548+0000][1.256s] GC(2) Old regions: 9->9
[2025-11-27T04:33:09.548+0000][1.256s] GC(2) Archive regions: 2->2
[2025-11-27T04:33:09.548+0000][1.256s] GC(2) Humongous regions: 4->4
[2025-11-27T04:33:09.549+0000][1.256s] GC(2) Metaspace: 21193K(21504K)->21193K(21504K) NonClass: 18590K(18752K)->18590K(18752K) Class: 2603K(2752K)->2603K(2752K)
[2025-11-27T04:33:09.549+0000][1.256s] GC(2) Pause Young (Concurrent Start) (Metadata GC Threshold) 51M->23M(512M) 4.367ms
[2025-11-27T04:33:09.549+0000][1.256s] GC(2) User=0.02s Sys=0.01s Real=0.00s
[2025-11-27T04:33:09.549+0000][1.256s] GC(3) Concurrent Mark Cycle
[2025-11-27T04:33:09.549+0000][1.257s] GC(3) Concurrent Clear Claimed Marks
[2025-11-27T04:33:09.550+0000][1.257s] GC(3) Concurrent Clear Claimed Marks 0.227ms
[2025-11-27T04:33:09.550+0000][1.257s] GC(3) Concurrent Scan Root Regions
[2025-11-27T04:33:09.551+0000][1.258s] GC(3) Concurrent Scan Root Regions 1.513ms
[2025-11-27T04:33:09.551+0000][1.258s] GC(3) Concurrent Mark
[2025-11-27T04:33:09.551+0000][1.259s] GC(3) Concurrent Mark From Roots
[2025-11-27T04:33:09.551+0000][1.259s] GC(3) Using 2 workers of 2 for marking
[2025-11-27T04:33:09.556+0000][1.263s] GC(3) Concurrent Mark From Roots 4.495ms
[2025-11-27T04:33:09.556+0000][1.263s] GC(3) Concurrent Preclean
[2025-11-27T04:33:09.556+0000][1.263s] GC(3) Concurrent Preclean 0.210ms
[2025-11-27T04:33:09.557+0000][1.264s] GC(3) Pause Remark
[2025-11-27T04:33:09.558+0000][1.265s] GC(3) Pause Remark 24M->24M(512M) 1.617ms
[2025-11-27T04:33:09.558+0000][1.265s] GC(3) User=0.01s Sys=0.00s Real=0.00s
[2025-11-27T04:33:09.558+0000][1.266s] GC(3) Concurrent Mark 7.134ms
[2025-11-27T04:33:09.559+0000][1.266s] GC(3) Concurrent Rebuild Remembered Sets
[2025-11-27T04:33:09.563+0000][1.270s] GC(3) Concurrent Rebuild Remembered Sets 4.239ms
[2025-11-27T04:33:09.564+0000][1.271s] GC(3) Pause Cleanup
[2025-11-27T04:33:09.564+0000][1.271s] GC(3) Pause Cleanup 25M->25M(512M) 0.189ms
[2025-11-27T04:33:09.564+0000][1.271s] GC(3) User=0.00s Sys=0.00s Real=0.00s
[2025-11-27T04:33:09.564+0000][1.271s] GC(3) Concurrent Cleanup for Next Mark
[2025-11-27T04:33:09.565+0000][1.272s] GC(3) Concurrent Cleanup for Next Mark 0.441ms
[2025-11-27T04:33:09.565+0000][1.272s] GC(3) Concurrent Mark Cycle 16.030ms
[2025-11-27T04:33:10.214+0000][1.921s] GC(4) Pause Young (Concurrent Start) (Metadata GC Threshold)
[2025-11-27T04:33:10.214+0000][1.921s] GC(4) Using 8 workers of 8 for evacuation
[2025-11-27T04:33:10.225+0000][1.932s] GC(4)   Pre Evacuate Collection Set: 0.2ms
[2025-11-27T04:33:10.225+0000][1.932s] GC(4)   Merge Heap Roots: 0.1ms
[2025-11-27T04:33:10.225+0000][1.932s] GC(4)   Evacuate Collection Set: 8.7ms
[2025-11-27T04:33:10.225+0000][1.932s] GC(4)   Post Evacuate Collection Set: 1.2ms
[2025-11-27T04:33:10.225+0000][1.932s] GC(4)   Other: 0.3ms
[2025-11-27T04:33:10.225+0000][1.932s] GC(4) Eden regions: 94->0(290)
[2025-11-27T04:33:10.225+0000][1.932s] GC(4) Survivor regions: 11->17(26)
[2025-11-27T04:33:10.225+0000][1.932s] GC(4) Old regions: 9->9
[2025-11-27T04:33:10.225+0000][1.932s] GC(4) Archive regions: 2->2
[2025-11-27T04:33:10.225+0000][1.932s] GC(4) Humongous regions: 4->4
[2025-11-27T04:33:10.225+0000][1.932s] GC(4) Metaspace: 35784K(36160K)->35784K(36160K) NonClass: 31292K(31488K)->31292K(31488K) Class: 4491K(4672K)->4491K(4672K)
[2025-11-27T04:33:10.225+0000][1.932s] GC(4) Pause Young (Concurrent Start) (Metadata GC Threshold) 117M->29M(512M) 11.334ms
[2025-11-27T04:33:10.225+0000][1.933s] GC(4) User=0.05s Sys=0.01s Real=0.01s
[2025-11-27T04:33:10.225+0000][1.933s] GC(5) Concurrent Mark Cycle
[2025-11-27T04:33:10.226+0000][1.933s] GC(5) Concurrent Clear Claimed Marks
[2025-11-27T04:33:10.227+0000][1.934s] GC(5) Concurrent Clear Claimed Marks 1.131ms
[2025-11-27T04:33:10.227+0000][1.935s] GC(5) Concurrent Scan Root Regions
[2025-11-27T04:33:10.232+0000][1.940s] GC(5) Concurrent Scan Root Regions 4.980ms
[2025-11-27T04:33:10.233+0000][1.940s] GC(5) Concurrent Mark
[2025-11-27T04:33:10.233+0000][1.940s] GC(5) Concurrent Mark From Roots
[2025-11-27T04:33:10.233+0000][1.940s] GC(5) Using 2 workers of 2 for marking
[2025-11-27T04:33:10.240+0000][1.948s] GC(5) Concurrent Mark From Roots 7.805ms
[2025-11-27T04:33:10.241+0000][1.948s] GC(5) Concurrent Preclean
[2025-11-27T04:33:10.241+0000][1.948s] GC(5) Concurrent Preclean 0.218ms
[2025-11-27T04:33:10.242+0000][1.949s] GC(5) Pause Remark
[2025-11-27T04:33:10.244+0000][1.951s] GC(5) Pause Remark 32M->32M(512M) 1.881ms
[2025-11-27T04:33:10.244+0000][1.951s] GC(5) User=0.01s Sys=0.00s Real=0.01s
[2025-11-27T04:33:10.244+0000][1.951s] GC(5) Concurrent Mark 11.430ms
[2025-11-27T04:33:10.244+0000][1.951s] GC(5) Concurrent Rebuild Remembered Sets
[2025-11-27T04:33:10.249+0000][1.956s] GC(5) Concurrent Rebuild Remembered Sets 4.317ms
[2025-11-27T04:33:10.250+0000][1.957s] GC(5) Pause Cleanup
[2025-11-27T04:33:10.250+0000][1.957s] GC(5) Pause Cleanup 33M->33M(512M) 0.244ms
[2025-11-27T04:33:10.250+0000][1.958s] GC(5) User=0.00s Sys=0.00s Real=0.00s
[2025-11-27T04:33:10.250+0000][1.958s] GC(5) Concurrent Cleanup for Next Mark
[2025-11-27T04:33:10.251+0000][1.958s] GC(5) Concurrent Cleanup for Next Mark 0.489ms
[2025-11-27T04:33:10.251+0000][1.958s] GC(5) Concurrent Mark Cycle 25.611ms
[2025-11-27T04:38:49.919+0000][341.628s] GC(6) Pause Young (Concurrent Start) (G1 Evacuation Pause)
[2025-11-27T04:38:49.919+0000][341.629s] GC(6) Using 8 workers of 8 for evacuation
[2025-11-27T04:38:50.065+0000][341.774s] GC(6)   Pre Evacuate Collection Set: 1.3ms
[2025-11-27T04:38:50.065+0000][341.775s] GC(6)   Merge Heap Roots: 0.6ms
[2025-11-27T04:38:50.065+0000][341.775s] GC(6)   Evacuate Collection Set: 138.8ms
[2025-11-27T04:38:50.065+0000][341.775s] GC(6)   Post Evacuate Collection Set: 3.0ms
[2025-11-27T04:38:50.065+0000][341.775s] GC(6)   Other: 2.6ms
[2025-11-27T04:38:50.065+0000][341.775s] GC(6) Eden regions: 290->0(194)
[2025-11-27T04:38:50.065+0000][341.775s] GC(6) Survivor regions: 17->39(39)
[2025-11-27T04:38:50.065+0000][341.775s] GC(6) Old regions: 9->9
[2025-11-27T04:38:50.065+0000][341.775s] GC(6) Archive regions: 2->2
[2025-11-27T04:38:50.065+0000][341.775s] GC(6) Humongous regions: 4->4
[2025-11-27T04:38:50.065+0000][341.775s] GC(6) Metaspace: 55702K(56256K)->55702K(56256K) NonClass: 48615K(48896K)->48615K(48896K) Class: 7086K(7360K)->7086K(7360K)
[2025-11-27T04:38:50.066+0000][341.775s] GC(6) Pause Young (Concurrent Start) (G1 Evacuation Pause) 319M->52M(512M) 146.991ms
[2025-11-27T04:38:50.066+0000][341.775s] GC(6) User=1.10s Sys=0.03s Real=0.15s
[2025-11-27T04:38:50.066+0000][341.775s] GC(7) Concurrent Mark Cycle
[2025-11-27T04:38:50.066+0000][341.776s] GC(7) Concurrent Clear Claimed Marks
[2025-11-27T04:38:50.066+0000][341.776s] GC(7) Concurrent Clear Claimed Marks 0.270ms
[2025-11-27T04:38:50.068+0000][341.778s] GC(7) Concurrent Scan Root Regions
[2025-11-27T04:38:50.087+0000][341.797s] GC(7) Concurrent Scan Root Regions 18.549ms
[2025-11-27T04:38:50.087+0000][341.797s] GC(7) Concurrent Mark
[2025-11-27T04:38:50.087+0000][341.797s] GC(7) Concurrent Mark From Roots
[2025-11-27T04:38:50.087+0000][341.797s] GC(7) Using 2 workers of 2 for marking
[2025-11-27T04:38:50.097+0000][341.806s] GC(7) Concurrent Mark From Roots 9.489ms
[2025-11-27T04:38:50.097+0000][341.807s] GC(7) Concurrent Preclean
[2025-11-27T04:38:50.097+0000][341.807s] GC(7) Concurrent Preclean 0.106ms
[2025-11-27T04:38:50.097+0000][341.807s] GC(7) Pause Remark
[2025-11-27T04:38:50.102+0000][341.811s] GC(7) Pause Remark 57M->57M(512M) 4.415ms
[2025-11-27T04:38:50.102+0000][341.811s] GC(7) User=0.02s Sys=0.00s Real=0.01s
[2025-11-27T04:38:50.102+0000][341.812s] GC(7) Concurrent Mark 14.735ms
[2025-11-27T04:38:50.102+0000][341.812s] GC(7) Concurrent Rebuild Remembered Sets
[2025-11-27T04:38:50.105+0000][341.815s] GC(7) Concurrent Rebuild Remembered Sets 3.518ms
[2025-11-27T04:38:50.106+0000][341.816s] GC(7) Pause Cleanup
[2025-11-27T04:38:50.106+0000][341.816s] GC(7) Pause Cleanup 57M->57M(512M) 0.363ms
[2025-11-27T04:38:50.107+0000][341.817s] GC(7) User=0.00s Sys=0.00s Real=0.00s
[2025-11-27T04:38:50.107+0000][341.817s] GC(7) Concurrent Cleanup for Next Mark
[2025-11-27T04:38:50.110+0000][341.820s] GC(7) Concurrent Cleanup for Next Mark 3.046ms
[2025-11-27T04:38:50.111+0000][341.820s] GC(7) Concurrent Mark Cycle 44.879ms
[2025-11-27T05:06:12.577+0000][1984.375s] Heap
[2025-11-27T05:06:12.579+0000][1984.378s]  garbage-first heap   total 524288K, used 123898K [0x00000000e0000000, 0x0000000100000000)
[2025-11-27T05:06:12.579+0000][1984.378s]   region size 1024K, 108 young (110592K), 39 survivors (39936K)
[2025-11-27T05:06:12.579+0000][1984.378s]  Metaspace       used 59134K, committed 59712K, reserved 1114112K
[2025-11-27T05:06:12.579+0000][1984.378s]   class space    used 7509K, committed 7808K, reserved 1048576K
