[2025-11-27T04:29:28.995+0000][0.006s] Using G1
[2025-11-27T04:29:29.190+0000][0.200s] Version: 17.0.16+8 (release)
[2025-11-27T04:29:29.190+0000][0.201s] CPUs: 8 total, 8 available
[2025-11-27T04:29:29.190+0000][0.201s] Memory: 3919M
[2025-11-27T04:29:29.190+0000][0.201s] Large Page Support: Disabled
[2025-11-27T04:29:29.190+0000][0.201s] NUMA Support: Disabled
[2025-11-27T04:29:29.190+0000][0.201s] Compressed Oops: Enabled (32-bit)
[2025-11-27T04:29:29.190+0000][0.201s] Heap Region Size: 1M
[2025-11-27T04:29:29.190+0000][0.201s] Heap Min Capacity: 512M
[2025-11-27T04:29:29.191+0000][0.201s] Heap Initial Capacity: 512M
[2025-11-27T04:29:29.191+0000][0.201s] Heap Max Capacity: 512M
[2025-11-27T04:29:29.191+0000][0.201s] Pre-touch: Enabled
[2025-11-27T04:29:29.191+0000][0.201s] Parallel Workers: 8
[2025-11-27T04:29:29.191+0000][0.201s] Concurrent Workers: 2
[2025-11-27T04:29:29.191+0000][0.201s] Concurrent Refinement Workers: 8
[2025-11-27T04:29:29.191+0000][0.201s] Periodic GC: Disabled
[2025-11-27T04:29:29.199+0000][0.209s] CDS archive(s) mapped at: [0x0000000100000000-0x0000000100a70000-0x0000000100a70000), size 10944512, SharedBaseAddress: 0x0000000100000000, ArchiveRelocationMode: 1.
[2025-11-27T04:29:29.199+0000][0.209s] Compressed class space mapped at: 0x0000000101000000-0x0000000141000000, reserved size: 1073741824
[2025-11-27T04:29:29.199+0000][0.210s] Narrow klass base: 0x0000000100000000, Narrow klass shift: 0, Narrow klass range: 0x100000000
[2025-11-27T04:29:30.261+0000][1.271s] GC(0) Pause Young (Normal) (G1 Evacuation Pause)
[2025-11-27T04:29:30.261+0000][1.271s] GC(0) Using 8 workers of 8 for evacuation
[2025-11-27T04:29:30.268+0000][1.278s] GC(0)   Pre Evacuate Collection Set: 0.5ms
[2025-11-27T04:29:30.268+0000][1.278s] GC(0)   Merge Heap Roots: 0.4ms
[2025-11-27T04:29:30.268+0000][1.279s] GC(0)   Evacuate Collection Set: 2.0ms
[2025-11-27T04:29:30.268+0000][1.279s] GC(0)   Post Evacuate Collection Set: 0.7ms
[2025-11-27T04:29:30.268+0000][1.279s] GC(0)   Other: 3.7ms
[2025-11-27T04:29:30.268+0000][1.279s] GC(0) Eden regions: 29->0(57)
[2025-11-27T04:29:30.268+0000][1.279s] GC(0) Survivor regions: 0->4(4)
[2025-11-27T04:29:30.268+0000][1.279s] GC(0) Old regions: 0->1
[2025-11-27T04:29:30.268+0000][1.279s] GC(0) Archive regions: 2->2
[2025-11-27T04:29:30.268+0000][1.279s] GC(0) Humongous regions: 0->0
[2025-11-27T04:29:30.268+0000][1.279s] GC(0) Metaspace: 9906K(10176K)->9906K(10176K) NonClass: 8679K(8832K)->8679K(8832K) Class: 1227K(1344K)->1227K(1344K)
[2025-11-27T04:29:30.268+0000][1.279s] GC(0) Pause Young (Normal) (G1 Evacuation Pause) 29M->5M(512M) 7.775ms
[2025-11-27T04:29:30.268+0000][1.279s] GC(0) User=0.03s Sys=0.00s Real=0.01s
[2025-11-27T04:29:30.571+0000][1.582s] GC(1) Pause Young (Normal) (G1 Evacuation Pause)
[2025-11-27T04:29:30.571+0000][1.582s] GC(1) Using 8 workers of 8 for evacuation
[2025-11-27T04:29:30.577+0000][1.588s] GC(1)   Pre Evacuate Collection Set: 0.1ms
[2025-11-27T04:29:30.578+0000][1.588s] GC(1)   Merge Heap Roots: 0.1ms
[2025-11-27T04:29:30.578+0000][1.588s] GC(1)   Evacuate Collection Set: 5.4ms
[2025-11-27T04:29:30.578+0000][1.588s] GC(1)   Post Evacuate Collection Set: 0.5ms
[2025-11-27T04:29:30.578+0000][1.588s] GC(1)   Other: 0.3ms
[2025-11-27T04:29:30.578+0000][1.588s] GC(1) Eden regions: 57->0(72)
[2025-11-27T04:29:30.578+0000][1.588s] GC(1) Survivor regions: 4->8(8)
[2025-11-27T04:29:30.578+0000][1.588s] GC(1) Old regions: 1->9
[2025-11-27T04:29:30.578+0000][1.588s] GC(1) Archive regions: 2->2
[2025-11-27T04:29:30.578+0000][1.588s] GC(1) Humongous regions: 4->4
[2025-11-27T04:29:30.578+0000][1.588s] GC(1) Metaspace: 17878K(18240K)->17878K(18240K) NonClass: 15685K(15872K)->15685K(15872K) Class: 2192K(2368K)->2192K(2368K)
[2025-11-27T04:29:30.578+0000][1.588s] GC(1) Pause Young (Normal) (G1 Evacuation Pause) 66M->21M(512M) 6.804ms
[2025-11-27T04:29:30.578+0000][1.588s] GC(1) User=0.04s Sys=0.00s Real=0.01s
[2025-11-27T04:29:30.731+0000][1.741s] GC(2) Pause Young (Concurrent Start) (Metadata GC Threshold)
[2025-11-27T04:29:30.731+0000][1.741s] GC(2) Using 8 workers of 8 for evacuation
[2025-11-27T04:29:30.734+0000][1.745s] GC(2)   Pre Evacuate Collection Set: 0.1ms
[2025-11-27T04:29:30.734+0000][1.745s] GC(2)   Merge Heap Roots: 0.1ms
[2025-11-27T04:29:30.734+0000][1.745s] GC(2)   Evacuate Collection Set: 2.7ms
[2025-11-27T04:29:30.734+0000][1.745s] GC(2)   Post Evacuate Collection Set: 0.4ms
[2025-11-27T04:29:30.735+0000][1.745s] GC(2)   Other: 0.3ms
[2025-11-27T04:29:30.735+0000][1.745s] GC(2) Eden regions: 27->0(97)
[2025-11-27T04:29:30.735+0000][1.745s] GC(2) Survivor regions: 8->2(10)
[2025-11-27T04:29:30.735+0000][1.745s] GC(2) Old regions: 9->18
[2025-11-27T04:29:30.735+0000][1.745s] GC(2) Archive regions: 2->2
[2025-11-27T04:29:30.735+0000][1.745s] GC(2) Humongous regions: 4->4
[2025-11-27T04:29:30.735+0000][1.745s] GC(2) Metaspace: 21191K(21504K)->21191K(21504K) NonClass: 18593K(18752K)->18593K(18752K) Class: 2598K(2752K)->2598K(2752K)
[2025-11-27T04:29:30.735+0000][1.745s] GC(2) Pause Young (Concurrent Start) (Metadata GC Threshold) 48M->24M(512M) 4.034ms
[2025-11-27T04:29:30.735+0000][1.745s] GC(2) User=0.02s Sys=0.00s Real=0.01s
[2025-11-27T04:29:30.735+0000][1.746s] GC(3) Concurrent Mark Cycle
[2025-11-27T04:29:30.735+0000][1.746s] GC(3) Concurrent Clear Claimed Marks
[2025-11-27T04:29:30.735+0000][1.746s] GC(3) Concurrent Clear Claimed Marks 0.077ms
[2025-11-27T04:29:30.735+0000][1.746s] GC(3) Concurrent Scan Root Regions
[2025-11-27T04:29:30.737+0000][1.747s] GC(3) Concurrent Scan Root Regions 1.349ms
[2025-11-27T04:29:30.737+0000][1.747s] GC(3) Concurrent Mark
[2025-11-27T04:29:30.737+0000][1.748s] GC(3) Concurrent Mark From Roots
[2025-11-27T04:29:30.737+0000][1.748s] GC(3) Using 2 workers of 2 for marking
[2025-11-27T04:29:30.741+0000][1.752s] GC(3) Concurrent Mark From Roots 4.309ms
[2025-11-27T04:29:30.743+0000][1.753s] GC(3) Concurrent Preclean
[2025-11-27T04:29:30.743+0000][1.753s] GC(3) Concurrent Preclean 0.223ms
[2025-11-27T04:29:30.743+0000][1.754s] GC(3) Pause Remark
[2025-11-27T04:29:30.744+0000][1.755s] GC(3) Pause Remark 25M->25M(512M) 1.419ms
[2025-11-27T04:29:30.744+0000][1.755s] GC(3) User=0.00s Sys=0.00s Real=0.00s
[2025-11-27T04:29:30.745+0000][1.755s] GC(3) Concurrent Mark 7.859ms
[2025-11-27T04:29:30.745+0000][1.755s] GC(3) Concurrent Rebuild Remembered Sets
[2025-11-27T04:29:30.751+0000][1.762s] GC(3) Concurrent Rebuild Remembered Sets 6.467ms
[2025-11-27T04:29:30.752+0000][1.762s] GC(3) Pause Cleanup
[2025-11-27T04:29:30.752+0000][1.762s] GC(3) Pause Cleanup 26M->26M(512M) 0.182ms
[2025-11-27T04:29:30.752+0000][1.762s] GC(3) User=0.00s Sys=0.00s Real=0.00s
[2025-11-27T04:29:30.752+0000][1.762s] GC(3) Concurrent Cleanup for Next Mark
[2025-11-27T04:29:30.752+0000][1.763s] GC(3) Concurrent Cleanup for Next Mark 0.355ms
[2025-11-27T04:29:30.752+0000][1.763s] GC(3) Concurrent Mark Cycle 17.110ms
[2025-11-27T04:29:31.395+0000][2.405s] GC(4) Pause Young (Concurrent Start) (Metadata GC Threshold)
[2025-11-27T04:29:31.396+0000][2.406s] GC(4) Using 8 workers of 8 for evacuation
[2025-11-27T04:29:31.401+0000][2.412s] GC(4)   Pre Evacuate Collection Set: 0.1ms
[2025-11-27T04:29:31.401+0000][2.412s] GC(4)   Merge Heap Roots: 0.1ms
[2025-11-27T04:29:31.402+0000][2.412s] GC(4)   Evacuate Collection Set: 4.5ms
[2025-11-27T04:29:31.402+0000][2.412s] GC(4)   Post Evacuate Collection Set: 0.7ms
[2025-11-27T04:29:31.402+0000][2.412s] GC(4)   Other: 1.1ms
[2025-11-27T04:29:31.402+0000][2.412s] GC(4) Eden regions: 97->0(299)
[2025-11-27T04:29:31.402+0000][2.412s] GC(4) Survivor regions: 2->8(13)
[2025-11-27T04:29:31.402+0000][2.412s] GC(4) Old regions: 18->18
[2025-11-27T04:29:31.402+0000][2.412s] GC(4) Archive regions: 2->2
[2025-11-27T04:29:31.402+0000][2.412s] GC(4) Humongous regions: 4->4
[2025-11-27T04:29:31.402+0000][2.412s] GC(4) Metaspace: 35928K(36288K)->35928K(36288K) NonClass: 31423K(31616K)->31423K(31616K) Class: 4504K(4672K)->4504K(4672K)
[2025-11-27T04:29:31.402+0000][2.412s] GC(4) Pause Young (Concurrent Start) (Metadata GC Threshold) 120M->29M(512M) 7.022ms
[2025-11-27T04:29:31.402+0000][2.413s] GC(4) User=0.04s Sys=0.00s Real=0.00s
[2025-11-27T04:29:31.402+0000][2.413s] GC(5) Concurrent Mark Cycle
[2025-11-27T04:29:31.402+0000][2.413s] GC(5) Concurrent Clear Claimed Marks
[2025-11-27T04:29:31.403+0000][2.413s] GC(5) Concurrent Clear Claimed Marks 0.083ms
[2025-11-27T04:29:31.403+0000][2.413s] GC(5) Concurrent Scan Root Regions
[2025-11-27T04:29:31.407+0000][2.417s] GC(5) Concurrent Scan Root Regions 4.156ms
[2025-11-27T04:29:31.407+0000][2.417s] GC(5) Concurrent Mark
[2025-11-27T04:29:31.407+0000][2.417s] GC(5) Concurrent Mark From Roots
[2025-11-27T04:29:31.407+0000][2.418s] GC(5) Using 2 workers of 2 for marking
[2025-11-27T04:29:31.413+0000][2.424s] GC(5) Concurrent Mark From Roots 6.554ms
[2025-11-27T04:29:31.414+0000][2.425s] GC(5) Concurrent Preclean
[2025-11-27T04:29:31.414+0000][2.425s] GC(5) Concurrent Preclean 0.241ms
[2025-11-27T04:29:31.414+0000][2.425s] GC(5) Pause Remark
[2025-11-27T04:29:31.416+0000][2.427s] GC(5) Pause Remark 31M->31M(512M) 1.626ms
[2025-11-27T04:29:31.416+0000][2.427s] GC(5) User=0.01s Sys=0.00s Real=0.00s
[2025-11-27T04:29:31.416+0000][2.427s] GC(5) Concurrent Mark 9.426ms
[2025-11-27T04:29:31.416+0000][2.427s] GC(5) Concurrent Rebuild Remembered Sets
[2025-11-27T04:29:31.420+0000][2.431s] GC(5) Concurrent Rebuild Remembered Sets 4.145ms
[2025-11-27T04:29:31.421+0000][2.431s] GC(5) Pause Cleanup
[2025-11-27T04:29:31.421+0000][2.432s] GC(5) Pause Cleanup 33M->33M(512M) 0.151ms
[2025-11-27T04:29:31.421+0000][2.432s] GC(5) User=0.00s Sys=0.00s Real=0.00s
[2025-11-27T04:29:31.421+0000][2.432s] GC(5) Concurrent Cleanup for Next Mark
[2025-11-27T04:29:31.421+0000][2.432s] GC(5) Concurrent Cleanup for Next Mark 0.248ms
[2025-11-27T04:29:31.421+0000][2.432s] GC(5) Concurrent Mark Cycle 19.387ms
[2025-11-27T04:31:02.822+0000][93.831s] Heap
[2025-11-27T04:31:02.822+0000][93.831s]  garbage-first heap   total 524288K, used 211045K [0x00000000e0000000, 0x0000000100000000)
[2025-11-27T04:31:02.822+0000][93.831s]   region size 1024K, 185 young (189440K), 8 survivors (8192K)
[2025-11-27T04:31:02.822+0000][93.831s]  Metaspace       used 53764K, committed 54272K, reserved 1114112K
[2025-11-27T04:31:02.822+0000][93.832s]   class space    used 6933K, committed 7168K, reserved 1048576K
