[2025-11-27T04:09:19.161+0000][0.006s] Using G1
[2025-11-27T04:09:19.301+0000][0.147s] Version: 17.0.16+8 (release)
[2025-11-27T04:09:19.302+0000][0.147s] CPUs: 8 total, 8 available
[2025-11-27T04:09:19.302+0000][0.148s] Memory: 3919M
[2025-11-27T04:09:19.302+0000][0.148s] Large Page Support: Disabled
[2025-11-27T04:09:19.302+0000][0.148s] NUMA Support: Disabled
[2025-11-27T04:09:19.302+0000][0.148s] Compressed Oops: Enabled (32-bit)
[2025-11-27T04:09:19.302+0000][0.148s] Heap Region Size: 1M
[2025-11-27T04:09:19.302+0000][0.148s] Heap Min Capacity: 512M
[2025-11-27T04:09:19.302+0000][0.148s] Heap Initial Capacity: 512M
[2025-11-27T04:09:19.302+0000][0.148s] Heap Max Capacity: 512M
[2025-11-27T04:09:19.303+0000][0.148s] Pre-touch: Enabled
[2025-11-27T04:09:19.303+0000][0.148s] Parallel Workers: 8
[2025-11-27T04:09:19.303+0000][0.148s] Concurrent Workers: 2
[2025-11-27T04:09:19.303+0000][0.148s] Concurrent Refinement Workers: 8
[2025-11-27T04:09:19.303+0000][0.148s] Periodic GC: Disabled
[2025-11-27T04:09:19.316+0000][0.161s] CDS archive(s) mapped at: [0x000000b000000000-0x000000b000a70000-0x000000b000a70000), size 10944512, SharedBaseAddress: 0x000000b000000000, ArchiveRelocationMode: 1.
[2025-11-27T04:09:19.316+0000][0.161s] Compressed class space mapped at: 0x000000b001000000-0x000000b041000000, reserved size: 1073741824
[2025-11-27T04:09:19.316+0000][0.162s] Narrow klass base: 0x000000b000000000, Narrow klass shift: 0, Narrow klass range: 0x100000000
[2025-11-27T04:09:21.059+0000][1.904s] GC(0) Pause Young (Normal) (G1 Evacuation Pause)
[2025-11-27T04:09:21.059+0000][1.905s] GC(0) Using 8 workers of 8 for evacuation
[2025-11-27T04:09:21.062+0000][1.908s] GC(0)   Pre Evacuate Collection Set: 0.5ms
[2025-11-27T04:09:21.062+0000][1.908s] GC(0)   Merge Heap Roots: 0.1ms
[2025-11-27T04:09:21.062+0000][1.908s] GC(0)   Evacuate Collection Set: 1.9ms
[2025-11-27T04:09:21.062+0000][1.908s] GC(0)   Post Evacuate Collection Set: 0.8ms
[2025-11-27T04:09:21.062+0000][1.908s] GC(0)   Other: 0.3ms
[2025-11-27T04:09:21.063+0000][1.908s] GC(0) Eden regions: 29->0(57)
[2025-11-27T04:09:21.063+0000][1.908s] GC(0) Survivor regions: 0->4(4)
[2025-11-27T04:09:21.063+0000][1.908s] GC(0) Old regions: 0->1
[2025-11-27T04:09:21.063+0000][1.908s] GC(0) Archive regions: 2->2
[2025-11-27T04:09:21.063+0000][1.908s] GC(0) Humongous regions: 0->0
[2025-11-27T04:09:21.063+0000][1.908s] GC(0) Metaspace: 9937K(10176K)->9937K(10176K) NonClass: 8709K(8832K)->8709K(8832K) Class: 1227K(1344K)->1227K(1344K)
[2025-11-27T04:09:21.063+0000][1.908s] GC(0) Pause Young (Normal) (G1 Evacuation Pause) 29M->5M(512M) 3.994ms
[2025-11-27T04:09:21.063+0000][1.908s] GC(0) User=0.01s Sys=0.00s Real=0.00s
[2025-11-27T04:09:21.490+0000][2.335s] GC(1) Pause Young (Normal) (G1 Evacuation Pause)
[2025-11-27T04:09:21.490+0000][2.335s] GC(1) Using 8 workers of 8 for evacuation
[2025-11-27T04:09:21.498+0000][2.344s] GC(1)   Pre Evacuate Collection Set: 0.1ms
[2025-11-27T04:09:21.498+0000][2.344s] GC(1)   Merge Heap Roots: 0.1ms
[2025-11-27T04:09:21.498+0000][2.344s] GC(1)   Evacuate Collection Set: 7.6ms
[2025-11-27T04:09:21.498+0000][2.344s] GC(1)   Post Evacuate Collection Set: 0.5ms
[2025-11-27T04:09:21.498+0000][2.344s] GC(1)   Other: 0.2ms
[2025-11-27T04:09:21.498+0000][2.344s] GC(1) Eden regions: 54->0(67)
[2025-11-27T04:09:21.498+0000][2.344s] GC(1) Survivor regions: 4->8(8)
[2025-11-27T04:09:21.498+0000][2.344s] GC(1) Old regions: 1->9
[2025-11-27T04:09:21.498+0000][2.344s] GC(1) Archive regions: 2->2
[2025-11-27T04:09:21.498+0000][2.344s] GC(1) Humongous regions: 4->4
[2025-11-27T04:09:21.498+0000][2.344s] GC(1) Metaspace: 17882K(18240K)->17882K(18240K) NonClass: 15689K(15872K)->15689K(15872K) Class: 2192K(2368K)->2192K(2368K)
[2025-11-27T04:09:21.498+0000][2.344s] GC(1) Pause Young (Normal) (G1 Evacuation Pause) 63M->21M(512M) 8.869ms
[2025-11-27T04:09:21.498+0000][2.344s] GC(1) User=0.05s Sys=0.01s Real=0.01s
[2025-11-27T04:09:21.722+0000][2.568s] GC(2) Pause Young (Concurrent Start) (Metadata GC Threshold)
[2025-11-27T04:09:21.722+0000][2.568s] GC(2) Using 8 workers of 8 for evacuation
[2025-11-27T04:09:21.728+0000][2.573s] GC(2)   Pre Evacuate Collection Set: 0.1ms
[2025-11-27T04:09:21.728+0000][2.574s] GC(2)   Merge Heap Roots: 0.1ms
[2025-11-27T04:09:21.728+0000][2.574s] GC(2)   Evacuate Collection Set: 5.1ms
[2025-11-27T04:09:21.728+0000][2.574s] GC(2)   Post Evacuate Collection Set: 0.4ms
[2025-11-27T04:09:21.728+0000][2.574s] GC(2)   Other: 0.3ms
[2025-11-27T04:09:21.728+0000][2.574s] GC(2) Eden regions: 28->0(92)
[2025-11-27T04:09:21.728+0000][2.574s] GC(2) Survivor regions: 8->3(10)
[2025-11-27T04:09:21.728+0000][2.574s] GC(2) Old regions: 9->18
[2025-11-27T04:09:21.728+0000][2.574s] GC(2) Archive regions: 2->2
[2025-11-27T04:09:21.728+0000][2.574s] GC(2) Humongous regions: 4->4
[2025-11-27T04:09:21.728+0000][2.574s] GC(2) Metaspace: 21172K(21504K)->21172K(21504K) NonClass: 18580K(18752K)->18580K(18752K) Class: 2592K(2752K)->2592K(2752K)
[2025-11-27T04:09:21.728+0000][2.574s] GC(2) Pause Young (Concurrent Start) (Metadata GC Threshold) 49M->24M(512M) 6.401ms
[2025-11-27T04:09:21.728+0000][2.574s] GC(2) User=0.03s Sys=0.00s Real=0.01s
[2025-11-27T04:09:21.728+0000][2.574s] GC(3) Concurrent Mark Cycle
[2025-11-27T04:09:21.728+0000][2.574s] GC(3) Concurrent Clear Claimed Marks
[2025-11-27T04:09:21.729+0000][2.574s] GC(3) Concurrent Clear Claimed Marks 0.118ms
[2025-11-27T04:09:21.729+0000][2.575s] GC(3) Concurrent Scan Root Regions
[2025-11-27T04:09:21.730+0000][2.576s] GC(3) Concurrent Scan Root Regions 1.408ms
[2025-11-27T04:09:21.730+0000][2.576s] GC(3) Concurrent Mark
[2025-11-27T04:09:21.730+0000][2.576s] GC(3) Concurrent Mark From Roots
[2025-11-27T04:09:21.731+0000][2.576s] GC(3) Using 2 workers of 2 for marking
[2025-11-27T04:09:21.735+0000][2.581s] GC(3) Concurrent Mark From Roots 4.651ms
[2025-11-27T04:09:21.735+0000][2.581s] GC(3) Concurrent Preclean
[2025-11-27T04:09:21.735+0000][2.581s] GC(3) Concurrent Preclean 0.116ms
[2025-11-27T04:09:21.735+0000][2.581s] GC(3) Pause Remark
[2025-11-27T04:09:21.737+0000][2.583s] GC(3) Pause Remark 25M->25M(512M) 1.645ms
[2025-11-27T04:09:21.737+0000][2.583s] GC(3) User=0.01s Sys=0.00s Real=0.00s
[2025-11-27T04:09:21.737+0000][2.583s] GC(3) Concurrent Mark 6.763ms
[2025-11-27T04:09:21.737+0000][2.583s] GC(3) Concurrent Rebuild Remembered Sets
[2025-11-27T04:09:21.741+0000][2.587s] GC(3) Concurrent Rebuild Remembered Sets 3.673ms
[2025-11-27T04:09:21.742+0000][2.588s] GC(3) Pause Cleanup
[2025-11-27T04:09:21.742+0000][2.588s] GC(3) Pause Cleanup 25M->25M(512M) 0.154ms
[2025-11-27T04:09:21.743+0000][2.588s] GC(3) User=0.00s Sys=0.00s Real=0.00s
[2025-11-27T04:09:21.743+0000][2.588s] GC(3) Concurrent Cleanup for Next Mark
[2025-11-27T04:09:21.745+0000][2.591s] GC(3) Concurrent Cleanup for Next Mark 2.472ms
[2025-11-27T04:09:21.745+0000][2.591s] GC(3) Concurrent Mark Cycle 16.904ms
[2025-11-27T04:09:22.555+0000][3.401s] GC(4) Pause Young (Concurrent Start) (Metadata GC Threshold)
[2025-11-27T04:09:22.555+0000][3.401s] GC(4) Using 8 workers of 8 for evacuation
[2025-11-27T04:09:22.562+0000][3.408s] GC(4)   Pre Evacuate Collection Set: 0.2ms
[2025-11-27T04:09:22.562+0000][3.408s] GC(4)   Merge Heap Roots: 0.1ms
[2025-11-27T04:09:22.562+0000][3.408s] GC(4)   Evacuate Collection Set: 5.8ms
[2025-11-27T04:09:22.562+0000][3.408s] GC(4)   Post Evacuate Collection Set: 0.6ms
[2025-11-27T04:09:22.562+0000][3.408s] GC(4)   Other: 0.4ms
[2025-11-27T04:09:22.562+0000][3.408s] GC(4) Eden regions: 85->0(299)
[2025-11-27T04:09:22.562+0000][3.408s] GC(4) Survivor regions: 3->8(12)
[2025-11-27T04:09:22.562+0000][3.408s] GC(4) Old regions: 18->18
[2025-11-27T04:09:22.562+0000][3.408s] GC(4) Archive regions: 2->2
[2025-11-27T04:09:22.562+0000][3.408s] GC(4) Humongous regions: 4->4
[2025-11-27T04:09:22.563+0000][3.408s] GC(4) Metaspace: 35753K(36160K)->35753K(36160K) NonClass: 31275K(31488K)->31275K(31488K) Class: 4477K(4672K)->4477K(4672K)
[2025-11-27T04:09:22.563+0000][3.408s] GC(4) Pause Young (Concurrent Start) (Metadata GC Threshold) 109M->29M(512M) 7.617ms
[2025-11-27T04:09:22.563+0000][3.408s] GC(4) User=0.04s Sys=0.00s Real=0.01s
[2025-11-27T04:09:22.563+0000][3.408s] GC(5) Concurrent Mark Cycle
[2025-11-27T04:09:22.563+0000][3.409s] GC(5) Concurrent Clear Claimed Marks
[2025-11-27T04:09:22.563+0000][3.409s] GC(5) Concurrent Clear Claimed Marks 0.207ms
[2025-11-27T04:09:22.563+0000][3.409s] GC(5) Concurrent Scan Root Regions
[2025-11-27T04:09:22.568+0000][3.414s] GC(5) Concurrent Scan Root Regions 4.933ms
[2025-11-27T04:09:22.568+0000][3.414s] GC(5) Concurrent Mark
[2025-11-27T04:09:22.569+0000][3.414s] GC(5) Concurrent Mark From Roots
[2025-11-27T04:09:22.569+0000][3.414s] GC(5) Using 2 workers of 2 for marking
[2025-11-27T04:09:22.582+0000][3.428s] GC(5) Concurrent Mark From Roots 13.311ms
[2025-11-27T04:09:22.582+0000][3.428s] GC(5) Concurrent Preclean
[2025-11-27T04:09:22.582+0000][3.428s] GC(5) Concurrent Preclean 0.230ms
[2025-11-27T04:09:22.583+0000][3.428s] GC(5) Pause Remark
[2025-11-27T04:09:22.585+0000][3.430s] GC(5) Pause Remark 32M->32M(512M) 1.958ms
[2025-11-27T04:09:22.585+0000][3.430s] GC(5) User=0.01s Sys=0.00s Real=0.00s
[2025-11-27T04:09:22.585+0000][3.430s] GC(5) Concurrent Mark 16.348ms
[2025-11-27T04:09:22.585+0000][3.431s] GC(5) Concurrent Rebuild Remembered Sets
[2025-11-27T04:09:22.590+0000][3.436s] GC(5) Concurrent Rebuild Remembered Sets 5.124ms
[2025-11-27T04:09:22.591+0000][3.437s] GC(5) Pause Cleanup
[2025-11-27T04:09:22.591+0000][3.437s] GC(5) Pause Cleanup 33M->33M(512M) 0.164ms
[2025-11-27T04:09:22.591+0000][3.437s] GC(5) User=0.00s Sys=0.01s Real=0.00s
[2025-11-27T04:09:22.592+0000][3.437s] GC(5) Concurrent Cleanup for Next Mark
[2025-11-27T04:09:22.595+0000][3.441s] GC(5) Concurrent Cleanup for Next Mark 3.507ms
[2025-11-27T04:09:22.596+0000][3.441s] GC(5) Concurrent Mark Cycle 33.030ms
[2025-11-27T04:29:19.536+0000][1200.387s] Heap
[2025-11-27T04:29:19.538+0000][1200.389s]  garbage-first heap   total 524288K, used 259543K [0x00000000e0000000, 0x0000000100000000)
[2025-11-27T04:29:19.538+0000][1200.389s]   region size 1024K, 232 young (237568K), 8 survivors (8192K)
[2025-11-27T04:29:19.538+0000][1200.389s]  Metaspace       used 54514K, committed 55040K, reserved 1114112K
[2025-11-27T04:29:19.538+0000][1200.389s]   class space    used 6956K, committed 7232K, reserved 1048576K
