[2025-11-27T04:31:57.823+0000][0.006s] Using G1
[2025-11-27T04:31:58.020+0000][0.203s] Version: 17.0.16+8 (release)
[2025-11-27T04:31:58.021+0000][0.203s] CPUs: 8 total, 8 available
[2025-11-27T04:31:58.021+0000][0.204s] Memory: 3919M
[2025-11-27T04:31:58.021+0000][0.204s] Large Page Support: Disabled
[2025-11-27T04:31:58.021+0000][0.204s] NUMA Support: Disabled
[2025-11-27T04:31:58.021+0000][0.204s] Compressed Oops: Enabled (32-bit)
[2025-11-27T04:31:58.021+0000][0.204s] Heap Region Size: 1M
[2025-11-27T04:31:58.021+0000][0.204s] Heap Min Capacity: 512M
[2025-11-27T04:31:58.021+0000][0.204s] Heap Initial Capacity: 512M
[2025-11-27T04:31:58.021+0000][0.204s] Heap Max Capacity: 512M
[2025-11-27T04:31:58.021+0000][0.204s] Pre-touch: Enabled
[2025-11-27T04:31:58.021+0000][0.204s] Parallel Workers: 8
[2025-11-27T04:31:58.021+0000][0.204s] Concurrent Workers: 2
[2025-11-27T04:31:58.021+0000][0.204s] Concurrent Refinement Workers: 8
[2025-11-27T04:31:58.021+0000][0.204s] Periodic GC: Disabled
[2025-11-27T04:31:58.027+0000][0.210s] CDS archive(s) mapped at: [0x000000b800000000-0x000000b800a70000-0x000000b800a70000), size 10944512, SharedBaseAddress: 0x000000b800000000, ArchiveRelocationMode: 1.
[2025-11-27T04:31:58.027+0000][0.210s] Compressed class space mapped at: 0x000000b801000000-0x000000b841000000, reserved size: 1073741824
[2025-11-27T04:31:58.027+0000][0.210s] Narrow klass base: 0x000000b800000000, Narrow klass shift: 0, Narrow klass range: 0x100000000
[2025-11-27T04:31:58.783+0000][0.966s] GC(0) Pause Young (Normal) (G1 Evacuation Pause)
[2025-11-27T04:31:58.783+0000][0.966s] GC(0) Using 8 workers of 8 for evacuation
[2025-11-27T04:31:58.788+0000][0.971s] GC(0)   Pre Evacuate Collection Set: 0.1ms
[2025-11-27T04:31:58.788+0000][0.971s] GC(0)   Merge Heap Roots: 0.1ms
[2025-11-27T04:31:58.788+0000][0.971s] GC(0)   Evacuate Collection Set: 3.8ms
[2025-11-27T04:31:58.788+0000][0.971s] GC(0)   Post Evacuate Collection Set: 0.5ms
[2025-11-27T04:31:58.788+0000][0.971s] GC(0)   Other: 0.3ms
[2025-11-27T04:31:58.788+0000][0.971s] GC(0) Eden regions: 29->0(57)
[2025-11-27T04:31:58.788+0000][0.971s] GC(0) Survivor regions: 0->4(4)
[2025-11-27T04:31:58.788+0000][0.971s] GC(0) Old regions: 0->1
[2025-11-27T04:31:58.788+0000][0.971s] GC(0) Archive regions: 2->2
[2025-11-27T04:31:58.788+0000][0.971s] GC(0) Humongous regions: 0->0
[2025-11-27T04:31:58.788+0000][0.971s] GC(0) Metaspace: 9908K(10176K)->9908K(10176K) NonClass: 8681K(8832K)->8681K(8832K) Class: 1226K(1344K)->1226K(1344K)
[2025-11-27T04:31:58.788+0000][0.971s] GC(0) Pause Young (Normal) (G1 Evacuation Pause) 29M->5M(512M) 5.424ms
[2025-11-27T04:31:58.788+0000][0.971s] GC(0) User=0.01s Sys=0.01s Real=0.00s
[2025-11-27T04:31:59.068+0000][1.250s] GC(1) Pause Young (Normal) (G1 Evacuation Pause)
[2025-11-27T04:31:59.068+0000][1.251s] GC(1) Using 8 workers of 8 for evacuation
[2025-11-27T04:31:59.075+0000][1.258s] GC(1)   Pre Evacuate Collection Set: 0.2ms
[2025-11-27T04:31:59.075+0000][1.258s] GC(1)   Merge Heap Roots: 0.2ms
[2025-11-27T04:31:59.075+0000][1.258s] GC(1)   Evacuate Collection Set: 6.5ms
[2025-11-27T04:31:59.076+0000][1.258s] GC(1)   Post Evacuate Collection Set: 0.6ms
[2025-11-27T04:31:59.076+0000][1.259s] GC(1)   Other: 0.3ms
[2025-11-27T04:31:59.076+0000][1.259s] GC(1) Eden regions: 57->0(72)
[2025-11-27T04:31:59.076+0000][1.259s] GC(1) Survivor regions: 4->8(8)
[2025-11-27T04:31:59.076+0000][1.259s] GC(1) Old regions: 1->9
[2025-11-27T04:31:59.076+0000][1.259s] GC(1) Archive regions: 2->2
[2025-11-27T04:31:59.076+0000][1.259s] GC(1) Humongous regions: 4->4
[2025-11-27T04:31:59.076+0000][1.259s] GC(1) Metaspace: 17848K(18176K)->17848K(18176K) NonClass: 15655K(15808K)->15655K(15808K) Class: 2193K(2368K)->2193K(2368K)
[2025-11-27T04:31:59.076+0000][1.259s] GC(1) Pause Young (Normal) (G1 Evacuation Pause) 66M->21M(512M) 8.436ms
[2025-11-27T04:31:59.076+0000][1.259s] GC(1) User=0.06s Sys=0.00s Real=0.01s
[2025-11-27T04:31:59.224+0000][1.407s] GC(2) Pause Young (Concurrent Start) (Metadata GC Threshold)
[2025-11-27T04:31:59.224+0000][1.407s] GC(2) Using 8 workers of 8 for evacuation
[2025-11-27T04:31:59.228+0000][1.410s] GC(2)   Pre Evacuate Collection Set: 0.1ms
[2025-11-27T04:31:59.228+0000][1.411s] GC(2)   Merge Heap Roots: 0.1ms
[2025-11-27T04:31:59.228+0000][1.411s] GC(2)   Evacuate Collection Set: 2.2ms
[2025-11-27T04:31:59.228+0000][1.411s] GC(2)   Post Evacuate Collection Set: 0.5ms
[2025-11-27T04:31:59.228+0000][1.411s] GC(2)   Other: 0.4ms
[2025-11-27T04:31:59.228+0000][1.411s] GC(2) Eden regions: 28->0(99)
[2025-11-27T04:31:59.228+0000][1.411s] GC(2) Survivor regions: 8->2(10)
[2025-11-27T04:31:59.228+0000][1.411s] GC(2) Old regions: 9->18
[2025-11-27T04:31:59.228+0000][1.411s] GC(2) Archive regions: 2->2
[2025-11-27T04:31:59.228+0000][1.411s] GC(2) Humongous regions: 4->4
[2025-11-27T04:31:59.228+0000][1.411s] GC(2) Metaspace: 21186K(21504K)->21186K(21504K) NonClass: 18583K(18752K)->18583K(18752K) Class: 2603K(2752K)->2603K(2752K)
[2025-11-27T04:31:59.228+0000][1.411s] GC(2) Pause Young (Concurrent Start) (Metadata GC Threshold) 49M->24M(512M) 3.795ms
[2025-11-27T04:31:59.228+0000][1.411s] GC(2) User=0.02s Sys=0.00s Real=0.00s
[2025-11-27T04:31:59.228+0000][1.411s] GC(3) Concurrent Mark Cycle
[2025-11-27T04:31:59.228+0000][1.411s] GC(3) Concurrent Clear Claimed Marks
[2025-11-27T04:31:59.228+0000][1.411s] GC(3) Concurrent Clear Claimed Marks 0.067ms
[2025-11-27T04:31:59.229+0000][1.411s] GC(3) Concurrent Scan Root Regions
[2025-11-27T04:31:59.230+0000][1.413s] GC(3) Concurrent Scan Root Regions 1.457ms
[2025-11-27T04:31:59.230+0000][1.413s] GC(3) Concurrent Mark
[2025-11-27T04:31:59.230+0000][1.413s] GC(3) Concurrent Mark From Roots
[2025-11-27T04:31:59.230+0000][1.413s] GC(3) Using 2 workers of 2 for marking
[2025-11-27T04:31:59.234+0000][1.417s] GC(3) Concurrent Mark From Roots 4.171ms
[2025-11-27T04:31:59.234+0000][1.417s] GC(3) Concurrent Preclean
[2025-11-27T04:31:59.235+0000][1.417s] GC(3) Concurrent Preclean 0.103ms
[2025-11-27T04:31:59.235+0000][1.418s] GC(3) Pause Remark
[2025-11-27T04:31:59.236+0000][1.419s] GC(3) Pause Remark 25M->25M(512M) 1.389ms
[2025-11-27T04:31:59.236+0000][1.419s] GC(3) User=0.00s Sys=0.01s Real=0.00s
[2025-11-27T04:31:59.237+0000][1.419s] GC(3) Concurrent Mark 6.487ms
[2025-11-27T04:31:59.237+0000][1.420s] GC(3) Concurrent Rebuild Remembered Sets
[2025-11-27T04:31:59.240+0000][1.423s] GC(3) Concurrent Rebuild Remembered Sets 3.658ms
[2025-11-27T04:31:59.241+0000][1.423s] GC(3) Pause Cleanup
[2025-11-27T04:31:59.241+0000][1.424s] GC(3) Pause Cleanup 26M->26M(512M) 0.169ms
[2025-11-27T04:31:59.241+0000][1.424s] GC(3) User=0.01s Sys=0.00s Real=0.00s
[2025-11-27T04:31:59.241+0000][1.424s] GC(3) Concurrent Cleanup for Next Mark
[2025-11-27T04:31:59.241+0000][1.424s] GC(3) Concurrent Cleanup for Next Mark 0.237ms
[2025-11-27T04:31:59.241+0000][1.424s] GC(3) Concurrent Mark Cycle 12.930ms
[2025-11-27T04:31:59.958+0000][2.141s] GC(4) Pause Young (Concurrent Start) (GCLocker Initiated GC)
[2025-11-27T04:31:59.958+0000][2.141s] GC(4) Using 8 workers of 8 for evacuation
[2025-11-27T04:31:59.964+0000][2.147s] GC(4)   Pre Evacuate Collection Set: 0.3ms
[2025-11-27T04:31:59.964+0000][2.147s] GC(4)   Merge Heap Roots: 0.2ms
[2025-11-27T04:31:59.964+0000][2.147s] GC(4)   Evacuate Collection Set: 3.9ms
[2025-11-27T04:31:59.964+0000][2.147s] GC(4)   Post Evacuate Collection Set: 1.3ms
[2025-11-27T04:31:59.964+0000][2.147s] GC(4)   Other: 0.3ms
[2025-11-27T04:31:59.964+0000][2.147s] GC(4) Eden regions: 97->0(299)
[2025-11-27T04:31:59.964+0000][2.147s] GC(4) Survivor regions: 2->8(13)
[2025-11-27T04:31:59.964+0000][2.147s] GC(4) Old regions: 18->18
[2025-11-27T04:31:59.965+0000][2.147s] GC(4) Archive regions: 2->2
[2025-11-27T04:31:59.965+0000][2.148s] GC(4) Humongous regions: 4->4
[2025-11-27T04:31:59.965+0000][2.148s] GC(4) Metaspace: 35830K(36224K)->35830K(36224K) NonClass: 31327K(31488K)->31327K(31488K) Class: 4502K(4736K)->4502K(4736K)
[2025-11-27T04:31:59.965+0000][2.148s] GC(4) Pause Young (Concurrent Start) (GCLocker Initiated GC) 121M->29M(512M) 6.637ms
[2025-11-27T04:31:59.965+0000][2.148s] GC(4) User=0.03s Sys=0.00s Real=0.01s
[2025-11-27T04:31:59.965+0000][2.148s] GC(5) Concurrent Mark Cycle
[2025-11-27T04:31:59.965+0000][2.148s] GC(5) Concurrent Clear Claimed Marks
[2025-11-27T04:31:59.965+0000][2.148s] GC(5) Concurrent Clear Claimed Marks 0.296ms
[2025-11-27T04:31:59.966+0000][2.148s] GC(5) Concurrent Scan Root Regions
[2025-11-27T04:31:59.969+0000][2.152s] GC(5) Concurrent Scan Root Regions 3.321ms
[2025-11-27T04:31:59.969+0000][2.152s] GC(5) Concurrent Mark
[2025-11-27T04:31:59.969+0000][2.152s] GC(5) Concurrent Mark From Roots
[2025-11-27T04:31:59.969+0000][2.152s] GC(5) Using 2 workers of 2 for marking
[2025-11-27T04:31:59.982+0000][2.164s] GC(5) Concurrent Mark From Roots 12.337ms
[2025-11-27T04:31:59.982+0000][2.165s] GC(5) Concurrent Preclean
[2025-11-27T04:31:59.982+0000][2.165s] GC(5) Concurrent Preclean 0.136ms
[2025-11-27T04:31:59.982+0000][2.165s] GC(5) Pause Remark
[2025-11-27T04:31:59.984+0000][2.167s] GC(5) Pause Remark 32M->32M(512M) 1.708ms
[2025-11-27T04:31:59.984+0000][2.167s] GC(5) User=0.01s Sys=0.00s Real=0.00s
[2025-11-27T04:31:59.984+0000][2.167s] GC(5) Concurrent Mark 14.673ms
[2025-11-27T04:31:59.985+0000][2.168s] GC(5) Concurrent Rebuild Remembered Sets
[2025-11-27T04:31:59.989+0000][2.172s] GC(5) Concurrent Rebuild Remembered Sets 4.369ms
[2025-11-27T04:31:59.990+0000][2.173s] GC(5) Pause Cleanup
[2025-11-27T04:31:59.990+0000][2.173s] GC(5) Pause Cleanup 34M->34M(512M) 0.191ms
[2025-11-27T04:31:59.990+0000][2.173s] GC(5) User=0.00s Sys=0.00s Real=0.00s
[2025-11-27T04:31:59.990+0000][2.173s] GC(5) Concurrent Cleanup for Next Mark
[2025-11-27T04:31:59.993+0000][2.176s] GC(5) Concurrent Cleanup for Next Mark 2.240ms
[2025-11-27T04:31:59.993+0000][2.176s] GC(5) Concurrent Mark Cycle 28.613ms
[2025-11-27T04:32:29.548+0000][31.728s] Heap
[2025-11-27T04:32:29.549+0000][31.729s]  garbage-first heap   total 524288K, used 191728K [0x00000000e0000000, 0x0000000100000000)
[2025-11-27T04:32:29.549+0000][31.729s]   region size 1024K, 166 young (169984K), 8 survivors (8192K)
[2025-11-27T04:32:29.549+0000][31.729s]  Metaspace       used 51788K, committed 52288K, reserved 1114112K
[2025-11-27T04:32:29.550+0000][31.729s]   class space    used 6695K, committed 6912K, reserved 1048576K
