[2025-10-27T04:28:41.238+0000][0.006s] Using G1
[2025-10-27T04:28:41.380+0000][0.148s] Version: 17.0.16+8 (release)
[2025-10-27T04:28:41.380+0000][0.148s] CPUs: 8 total, 8 available
[2025-10-27T04:28:41.380+0000][0.148s] Memory: 3919M
[2025-10-27T04:28:41.380+0000][0.148s] Large Page Support: Disabled
[2025-10-27T04:28:41.380+0000][0.148s] NUMA Support: Disabled
[2025-10-27T04:28:41.380+0000][0.148s] Compressed Oops: Enabled (32-bit)
[2025-10-27T04:28:41.380+0000][0.148s] Heap Region Size: 1M
[2025-10-27T04:28:41.380+0000][0.148s] Heap Min Capacity: 512M
[2025-10-27T04:28:41.380+0000][0.148s] Heap Initial Capacity: 512M
[2025-10-27T04:28:41.380+0000][0.148s] Heap Max Capacity: 512M
[2025-10-27T04:28:41.380+0000][0.148s] Pre-touch: Enabled
[2025-10-27T04:28:41.380+0000][0.148s] Parallel Workers: 8
[2025-10-27T04:28:41.380+0000][0.148s] Concurrent Workers: 2
[2025-10-27T04:28:41.380+0000][0.148s] Concurrent Refinement Workers: 8
[2025-10-27T04:28:41.380+0000][0.149s] Periodic GC: Disabled
[2025-10-27T04:28:41.387+0000][0.155s] CDS archive(s) mapped at: [0x0000000400000000-0x0000000400a70000-0x0000000400a70000), size 10944512, SharedBaseAddress: 0x0000000400000000, ArchiveRelocationMode: 1.
[2025-10-27T04:28:41.387+0000][0.155s] Compressed class space mapped at: 0x0000000401000000-0x0000000441000000, reserved size: 1073741824
[2025-10-27T04:28:41.387+0000][0.155s] Narrow klass base: 0x0000000400000000, Narrow klass shift: 0, Narrow klass range: 0x100000000
[2025-10-27T04:28:43.802+0000][2.570s] GC(0) Pause Young (Normal) (G1 Evacuation Pause)
[2025-10-27T04:28:43.802+0000][2.570s] GC(0) Using 8 workers of 8 for evacuation
[2025-10-27T04:28:43.805+0000][2.573s] GC(0)   Pre Evacuate Collection Set: 0.2ms
[2025-10-27T04:28:43.805+0000][2.573s] GC(0)   Merge Heap Roots: 0.1ms
[2025-10-27T04:28:43.805+0000][2.573s] GC(0)   Evacuate Collection Set: 2.2ms
[2025-10-27T04:28:43.805+0000][2.573s] GC(0)   Post Evacuate Collection Set: 0.4ms
[2025-10-27T04:28:43.805+0000][2.573s] GC(0)   Other: 0.2ms
[2025-10-27T04:28:43.805+0000][2.573s] GC(0) Eden regions: 29->0(57)
[2025-10-27T04:28:43.805+0000][2.573s] GC(0) Survivor regions: 0->4(4)
[2025-10-27T04:28:43.805+0000][2.573s] GC(0) Old regions: 0->1
[2025-10-27T04:28:43.805+0000][2.573s] GC(0) Archive regions: 2->2
[2025-10-27T04:28:43.805+0000][2.573s] GC(0) Humongous regions: 0->0
[2025-10-27T04:28:43.805+0000][2.573s] GC(0) Metaspace: 9947K(10240K)->9947K(10240K) NonClass: 8708K(8832K)->8708K(8832K) Class: 1238K(1408K)->1238K(1408K)
[2025-10-27T04:28:43.805+0000][2.573s] GC(0) Pause Young (Normal) (G1 Evacuation Pause) 29M->5M(512M) 3.859ms
[2025-10-27T04:28:43.805+0000][2.574s] GC(0) User=0.02s Sys=0.00s Real=0.00s
[2025-10-27T04:28:44.245+0000][3.013s] GC(1) Pause Young (Normal) (G1 Evacuation Pause)
[2025-10-27T04:28:44.246+0000][3.014s] GC(1) Using 8 workers of 8 for evacuation
[2025-10-27T04:28:44.254+0000][3.022s] GC(1)   Pre Evacuate Collection Set: 0.1ms
[2025-10-27T04:28:44.254+0000][3.022s] GC(1)   Merge Heap Roots: 0.1ms
[2025-10-27T04:28:44.255+0000][3.023s] GC(1)   Evacuate Collection Set: 6.8ms
[2025-10-27T04:28:44.255+0000][3.023s] GC(1)   Post Evacuate Collection Set: 1.5ms
[2025-10-27T04:28:44.255+0000][3.023s] GC(1)   Other: 0.4ms
[2025-10-27T04:28:44.255+0000][3.023s] GC(1) Eden regions: 54->0(63)
[2025-10-27T04:28:44.255+0000][3.023s] GC(1) Survivor regions: 4->8(8)
[2025-10-27T04:28:44.255+0000][3.023s] GC(1) Old regions: 1->9
[2025-10-27T04:28:44.255+0000][3.023s] GC(1) Archive regions: 2->2
[2025-10-27T04:28:44.255+0000][3.023s] GC(1) Humongous regions: 4->4
[2025-10-27T04:28:44.255+0000][3.023s] GC(1) Metaspace: 17845K(18112K)->17845K(18112K) NonClass: 15660K(15808K)->15660K(15808K) Class: 2185K(2304K)->2185K(2304K)
[2025-10-27T04:28:44.255+0000][3.023s] GC(1) Pause Young (Normal) (G1 Evacuation Pause) 63M->21M(512M) 9.940ms
[2025-10-27T04:28:44.255+0000][3.023s] GC(1) User=0.06s Sys=0.00s Real=0.01s
[2025-10-27T04:28:44.516+0000][3.285s] GC(2) Pause Young (Concurrent Start) (Metadata GC Threshold)
[2025-10-27T04:28:44.517+0000][3.285s] GC(2) Using 8 workers of 8 for evacuation
[2025-10-27T04:28:44.521+0000][3.289s] GC(2)   Pre Evacuate Collection Set: 0.1ms
[2025-10-27T04:28:44.521+0000][3.289s] GC(2)   Merge Heap Roots: 0.1ms
[2025-10-27T04:28:44.521+0000][3.289s] GC(2)   Evacuate Collection Set: 3.3ms
[2025-10-27T04:28:44.521+0000][3.289s] GC(2)   Post Evacuate Collection Set: 0.5ms
[2025-10-27T04:28:44.521+0000][3.289s] GC(2)   Other: 0.3ms
[2025-10-27T04:28:44.521+0000][3.289s] GC(2) Eden regions: 29->0(80)
[2025-10-27T04:28:44.521+0000][3.289s] GC(2) Survivor regions: 8->3(9)
[2025-10-27T04:28:44.521+0000][3.289s] GC(2) Old regions: 9->17
[2025-10-27T04:28:44.521+0000][3.289s] GC(2) Archive regions: 2->2
[2025-10-27T04:28:44.521+0000][3.289s] GC(2) Humongous regions: 4->4
[2025-10-27T04:28:44.521+0000][3.289s] GC(2) Metaspace: 21238K(21504K)->21238K(21504K) NonClass: 18638K(18752K)->18638K(18752K) Class: 2600K(2752K)->2600K(2752K)
[2025-10-27T04:28:44.521+0000][3.289s] GC(2) Pause Young (Concurrent Start) (Metadata GC Threshold) 49M->24M(512M) 4.663ms
[2025-10-27T04:28:44.521+0000][3.289s] GC(2) User=0.02s Sys=0.00s Real=0.01s
[2025-10-27T04:28:44.521+0000][3.289s] GC(3) Concurrent Mark Cycle
[2025-10-27T04:28:44.521+0000][3.289s] GC(3) Concurrent Clear Claimed Marks
[2025-10-27T04:28:44.522+0000][3.290s] GC(3) Concurrent Clear Claimed Marks 0.220ms
[2025-10-27T04:28:44.522+0000][3.290s] GC(3) Concurrent Scan Root Regions
[2025-10-27T04:28:44.523+0000][3.291s] GC(3) Concurrent Scan Root Regions 1.522ms
[2025-10-27T04:28:44.523+0000][3.292s] GC(3) Concurrent Mark
[2025-10-27T04:28:44.524+0000][3.292s] GC(3) Concurrent Mark From Roots
[2025-10-27T04:28:44.524+0000][3.292s] GC(3) Using 2 workers of 2 for marking
[2025-10-27T04:28:44.528+0000][3.296s] GC(3) Concurrent Mark From Roots 4.546ms
[2025-10-27T04:28:44.528+0000][3.296s] GC(3) Concurrent Preclean
[2025-10-27T04:28:44.528+0000][3.296s] GC(3) Concurrent Preclean 0.087ms
[2025-10-27T04:28:44.529+0000][3.297s] GC(3) Pause Remark
[2025-10-27T04:28:44.530+0000][3.298s] GC(3) Pause Remark 25M->25M(512M) 1.420ms
[2025-10-27T04:28:44.530+0000][3.298s] GC(3) User=0.01s Sys=0.00s Real=0.00s
[2025-10-27T04:28:44.530+0000][3.298s] GC(3) Concurrent Mark 6.741ms
[2025-10-27T04:28:44.530+0000][3.298s] GC(3) Concurrent Rebuild Remembered Sets
[2025-10-27T04:28:44.534+0000][3.302s] GC(3) Concurrent Rebuild Remembered Sets 3.761ms
[2025-10-27T04:28:44.535+0000][3.303s] GC(3) Pause Cleanup
[2025-10-27T04:28:44.535+0000][3.303s] GC(3) Pause Cleanup 25M->25M(512M) 0.150ms
[2025-10-27T04:28:44.535+0000][3.303s] GC(3) User=0.00s Sys=0.00s Real=0.00s
[2025-10-27T04:28:44.535+0000][3.303s] GC(3) Concurrent Cleanup for Next Mark
[2025-10-27T04:28:44.543+0000][3.311s] GC(3) Concurrent Cleanup for Next Mark 8.007ms
[2025-10-27T04:28:44.543+0000][3.311s] GC(3) Concurrent Mark Cycle 21.939ms
[2025-10-27T04:28:45.248+0000][4.016s] GC(4) Pause Young (Normal) (G1 Evacuation Pause)
[2025-10-27T04:28:45.248+0000][4.016s] GC(4) Using 8 workers of 8 for evacuation
[2025-10-27T04:28:45.255+0000][4.023s] GC(4)   Pre Evacuate Collection Set: 0.1ms
[2025-10-27T04:28:45.255+0000][4.024s] GC(4)   Merge Heap Roots: 0.1ms
[2025-10-27T04:28:45.256+0000][4.024s] GC(4)   Evacuate Collection Set: 6.2ms
[2025-10-27T04:28:45.256+0000][4.024s] GC(4)   Post Evacuate Collection Set: 0.7ms
[2025-10-27T04:28:45.256+0000][4.024s] GC(4)   Other: 0.3ms
[2025-10-27T04:28:45.256+0000][4.024s] GC(4) Eden regions: 80->0(299)
[2025-10-27T04:28:45.256+0000][4.024s] GC(4) Survivor regions: 3->8(11)
[2025-10-27T04:28:45.256+0000][4.024s] GC(4) Old regions: 17->17
[2025-10-27T04:28:45.256+0000][4.024s] GC(4) Archive regions: 2->2
[2025-10-27T04:28:45.256+0000][4.024s] GC(4) Humongous regions: 4->4
[2025-10-27T04:28:45.256+0000][4.024s] GC(4) Metaspace: 35122K(35584K)->35122K(35584K) NonClass: 30726K(30976K)->30726K(30976K) Class: 4396K(4608K)->4396K(4608K)
[2025-10-27T04:28:45.256+0000][4.024s] GC(4) Pause Young (Normal) (G1 Evacuation Pause) 104M->29M(512M) 7.905ms
[2025-10-27T04:28:45.256+0000][4.024s] GC(4) User=0.04s Sys=0.00s Real=0.01s
[2025-10-27T04:28:45.310+0000][4.078s] GC(5) Pause Young (Concurrent Start) (Metadata GC Threshold)
[2025-10-27T04:28:45.310+0000][4.078s] GC(5) Using 8 workers of 8 for evacuation
[2025-10-27T04:28:45.313+0000][4.081s] GC(5)   Pre Evacuate Collection Set: 0.1ms
[2025-10-27T04:28:45.314+0000][4.082s] GC(5)   Merge Heap Roots: 0.1ms
[2025-10-27T04:28:45.314+0000][4.082s] GC(5)   Evacuate Collection Set: 2.7ms
[2025-10-27T04:28:45.314+0000][4.082s] GC(5)   Post Evacuate Collection Set: 0.4ms
[2025-10-27T04:28:45.314+0000][4.082s] GC(5)   Other: 0.2ms
[2025-10-27T04:28:45.314+0000][4.082s] GC(5) Eden regions: 6->0(298)
[2025-10-27T04:28:45.314+0000][4.082s] GC(5) Survivor regions: 8->9(39)
[2025-10-27T04:28:45.314+0000][4.082s] GC(5) Old regions: 17->17
[2025-10-27T04:28:45.314+0000][4.082s] GC(5) Archive regions: 2->2
[2025-10-27T04:28:45.314+0000][4.082s] GC(5) Humongous regions: 4->4
[2025-10-27T04:28:45.314+0000][4.082s] GC(5) Metaspace: 35969K(36288K)->35969K(36288K) NonClass: 31461K(31616K)->31461K(31616K) Class: 4508K(4672K)->4508K(4672K)
[2025-10-27T04:28:45.314+0000][4.082s] GC(5) Pause Young (Concurrent Start) (Metadata GC Threshold) 35M->29M(512M) 3.952ms
[2025-10-27T04:28:45.314+0000][4.082s] GC(5) User=0.02s Sys=0.01s Real=0.01s
[2025-10-27T04:28:45.314+0000][4.082s] GC(6) Concurrent Mark Cycle
[2025-10-27T04:28:45.314+0000][4.082s] GC(6) Concurrent Clear Claimed Marks
[2025-10-27T04:28:45.314+0000][4.082s] GC(6) Concurrent Clear Claimed Marks 0.154ms
[2025-10-27T04:28:45.314+0000][4.082s] GC(6) Concurrent Scan Root Regions
[2025-10-27T04:28:45.316+0000][4.084s] GC(6) Concurrent Scan Root Regions 2.077ms
[2025-10-27T04:28:45.317+0000][4.085s] GC(6) Concurrent Mark
[2025-10-27T04:28:45.317+0000][4.085s] GC(6) Concurrent Mark From Roots
[2025-10-27T04:28:45.317+0000][4.086s] GC(6) Using 2 workers of 2 for marking
[2025-10-27T04:28:45.326+0000][4.094s] GC(6) Concurrent Mark From Roots 8.224ms
[2025-10-27T04:28:45.326+0000][4.094s] GC(6) Concurrent Preclean
[2025-10-27T04:28:45.326+0000][4.094s] GC(6) Concurrent Preclean 0.123ms
[2025-10-27T04:28:45.328+0000][4.096s] GC(6) Pause Remark
[2025-10-27T04:28:45.330+0000][4.098s] GC(6) Pause Remark 31M->31M(512M) 2.137ms
[2025-10-27T04:28:45.330+0000][4.098s] GC(6) User=0.01s Sys=0.00s Real=0.00s
[2025-10-27T04:28:45.330+0000][4.098s] GC(6) Concurrent Mark 12.813ms
[2025-10-27T04:28:45.330+0000][4.098s] GC(6) Concurrent Rebuild Remembered Sets
[2025-10-27T04:28:45.335+0000][4.103s] GC(6) Concurrent Rebuild Remembered Sets 4.705ms
[2025-10-27T04:28:45.336+0000][4.104s] GC(6) Pause Cleanup
[2025-10-27T04:28:45.336+0000][4.104s] GC(6) Pause Cleanup 32M->32M(512M) 0.302ms
[2025-10-27T04:28:45.336+0000][4.104s] GC(6) User=0.00s Sys=0.00s Real=0.00s
[2025-10-27T04:28:45.337+0000][4.105s] GC(6) Concurrent Cleanup for Next Mark
[2025-10-27T04:28:45.339+0000][4.107s] GC(6) Concurrent Cleanup for Next Mark 2.808ms
[2025-10-27T04:28:45.342+0000][4.110s] GC(6) Concurrent Mark Cycle 28.472ms
[2025-10-27T04:29:18.853+0000][37.620s] Heap
[2025-10-27T04:29:18.854+0000][37.621s]  garbage-first heap   total 524288K, used 221110K [0x00000000e0000000, 0x0000000100000000)
[2025-10-27T04:29:18.854+0000][37.621s]   region size 1024K, 195 young (199680K), 9 survivors (9216K)
[2025-10-27T04:29:18.854+0000][37.621s]  Metaspace       used 53815K, committed 54336K, reserved 1114112K
[2025-10-27T04:29:18.854+0000][37.621s]   class space    used 6921K, committed 7168K, reserved 1048576K
