[2025-12-06T20:15:24.986+0000][0.008s] Using G1
[2025-12-06T20:15:25.205+0000][0.226s] Version: 17.0.17+10 (release)
[2025-12-06T20:15:25.269+0000][0.290s] CPUs: 8 total, 8 available
[2025-12-06T20:15:25.269+0000][0.290s] Memory: 3919M
[2025-12-06T20:15:25.269+0000][0.290s] Large Page Support: Disabled
[2025-12-06T20:15:25.269+0000][0.291s] NUMA Support: Disabled
[2025-12-06T20:15:25.269+0000][0.291s] Compressed Oops: Enabled (32-bit)
[2025-12-06T20:15:25.269+0000][0.291s] Heap Region Size: 1M
[2025-12-06T20:15:25.269+0000][0.291s] Heap Min Capacity: 512M
[2025-12-06T20:15:25.269+0000][0.291s] Heap Initial Capacity: 512M
[2025-12-06T20:15:25.269+0000][0.291s] Heap Max Capacity: 512M
[2025-12-06T20:15:25.269+0000][0.291s] Pre-touch: Enabled
[2025-12-06T20:15:25.269+0000][0.291s] Parallel Workers: 8
[2025-12-06T20:15:25.269+0000][0.291s] Concurrent Workers: 2
[2025-12-06T20:15:25.269+0000][0.291s] Concurrent Refinement Workers: 8
[2025-12-06T20:15:25.270+0000][0.291s] Periodic GC: Disabled
[2025-12-06T20:15:25.277+0000][0.298s] CDS archive(s) mapped at: [0x0000008000000000-0x0000008000a70000-0x0000008000a70000), size 10944512, SharedBaseAddress: 0x0000008000000000, ArchiveRelocationMode: 1.
[2025-12-06T20:15:25.277+0000][0.299s] Compressed class space mapped at: 0x0000008001000000-0x0000008041000000, reserved size: 1073741824
[2025-12-06T20:15:25.277+0000][0.299s] Narrow klass base: 0x0000008000000000, Narrow klass shift: 0, Narrow klass range: 0x100000000
[2025-12-06T20:15:26.570+0000][1.592s] GC(0) Pause Young (Normal) (G1 Evacuation Pause)
[2025-12-06T20:15:26.571+0000][1.592s] GC(0) Using 8 workers of 8 for evacuation
[2025-12-06T20:15:26.574+0000][1.595s] GC(0)   Pre Evacuate Collection Set: 0.2ms
[2025-12-06T20:15:26.574+0000][1.595s] GC(0)   Merge Heap Roots: 0.1ms
[2025-12-06T20:15:26.574+0000][1.595s] GC(0)   Evacuate Collection Set: 2.3ms
[2025-12-06T20:15:26.574+0000][1.595s] GC(0)   Post Evacuate Collection Set: 0.6ms
[2025-12-06T20:15:26.574+0000][1.596s] GC(0)   Other: 0.2ms
[2025-12-06T20:15:26.574+0000][1.596s] GC(0) Eden regions: 29->0(59)
[2025-12-06T20:15:26.574+0000][1.596s] GC(0) Survivor regions: 0->4(4)
[2025-12-06T20:15:26.574+0000][1.596s] GC(0) Old regions: 0->1
[2025-12-06T20:15:26.574+0000][1.596s] GC(0) Archive regions: 2->2
[2025-12-06T20:15:26.574+0000][1.596s] GC(0) Humongous regions: 0->0
[2025-12-06T20:15:26.574+0000][1.596s] GC(0) Metaspace: 9865K(10112K)->9865K(10112K) NonClass: 8646K(8768K)->8646K(8768K) Class: 1219K(1344K)->1219K(1344K)
[2025-12-06T20:15:26.575+0000][1.596s] GC(0) Pause Young (Normal) (G1 Evacuation Pause) 29M->4M(512M) 4.111ms
[2025-12-06T20:15:26.575+0000][1.596s] GC(0) User=0.02s Sys=0.00s Real=0.00s
[2025-12-06T20:15:26.879+0000][1.901s] GC(1) Pause Young (Normal) (G1 Evacuation Pause)
[2025-12-06T20:15:26.880+0000][1.901s] GC(1) Using 8 workers of 8 for evacuation
[2025-12-06T20:15:26.889+0000][1.910s] GC(1)   Pre Evacuate Collection Set: 0.1ms
[2025-12-06T20:15:26.889+0000][1.910s] GC(1)   Merge Heap Roots: 0.1ms
[2025-12-06T20:15:26.889+0000][1.910s] GC(1)   Evacuate Collection Set: 8.0ms
[2025-12-06T20:15:26.889+0000][1.910s] GC(1)   Post Evacuate Collection Set: 0.5ms
[2025-12-06T20:15:26.889+0000][1.910s] GC(1)   Other: 0.3ms
[2025-12-06T20:15:26.889+0000][1.910s] GC(1) Eden regions: 59->0(75)
[2025-12-06T20:15:26.889+0000][1.910s] GC(1) Survivor regions: 4->8(8)
[2025-12-06T20:15:26.889+0000][1.910s] GC(1) Old regions: 1->9
[2025-12-06T20:15:26.889+0000][1.910s] GC(1) Archive regions: 2->2
[2025-12-06T20:15:26.889+0000][1.910s] GC(1) Humongous regions: 4->4
[2025-12-06T20:15:26.889+0000][1.910s] GC(1) Metaspace: 17883K(18240K)->17883K(18240K) NonClass: 15684K(15872K)->15684K(15872K) Class: 2199K(2368K)->2199K(2368K)
[2025-12-06T20:15:26.889+0000][1.911s] GC(1) Pause Young (Normal) (G1 Evacuation Pause) 67M->21M(512M) 9.655ms
[2025-12-06T20:15:26.889+0000][1.911s] GC(1) User=0.06s Sys=0.00s Real=0.01s
[2025-12-06T20:15:27.048+0000][2.069s] GC(2) Pause Young (Concurrent Start) (Metadata GC Threshold)
[2025-12-06T20:15:27.048+0000][2.069s] GC(2) Using 8 workers of 8 for evacuation
[2025-12-06T20:15:27.051+0000][2.072s] GC(2)   Pre Evacuate Collection Set: 0.1ms
[2025-12-06T20:15:27.051+0000][2.073s] GC(2)   Merge Heap Roots: 0.1ms
[2025-12-06T20:15:27.051+0000][2.073s] GC(2)   Evacuate Collection Set: 2.5ms
[2025-12-06T20:15:27.051+0000][2.073s] GC(2)   Post Evacuate Collection Set: 0.4ms
[2025-12-06T20:15:27.051+0000][2.073s] GC(2)   Other: 0.4ms
[2025-12-06T20:15:27.051+0000][2.073s] GC(2) Eden regions: 32->0(106)
[2025-12-06T20:15:27.051+0000][2.073s] GC(2) Survivor regions: 8->3(11)
[2025-12-06T20:15:27.051+0000][2.073s] GC(2) Old regions: 9->17
[2025-12-06T20:15:27.051+0000][2.073s] GC(2) Archive regions: 2->2
[2025-12-06T20:15:27.051+0000][2.073s] GC(2) Humongous regions: 4->4
[2025-12-06T20:15:27.052+0000][2.073s] GC(2) Metaspace: 21221K(21504K)->21221K(21504K) NonClass: 18613K(18752K)->18613K(18752K) Class: 2608K(2752K)->2608K(2752K)
[2025-12-06T20:15:27.052+0000][2.073s] GC(2) Pause Young (Concurrent Start) (Metadata GC Threshold) 52M->24M(512M) 3.993ms
[2025-12-06T20:15:27.052+0000][2.073s] GC(2) User=0.02s Sys=0.00s Real=0.01s
[2025-12-06T20:15:27.052+0000][2.073s] GC(3) Concurrent Mark Cycle
[2025-12-06T20:15:27.052+0000][2.073s] GC(3) Concurrent Clear Claimed Marks
[2025-12-06T20:15:27.053+0000][2.074s] GC(3) Concurrent Clear Claimed Marks 0.566ms
[2025-12-06T20:15:27.053+0000][2.074s] GC(3) Concurrent Scan Root Regions
[2025-12-06T20:15:27.055+0000][2.076s] GC(3) Concurrent Scan Root Regions 2.288ms
[2025-12-06T20:15:27.055+0000][2.077s] GC(3) Concurrent Mark
[2025-12-06T20:15:27.055+0000][2.077s] GC(3) Concurrent Mark From Roots
[2025-12-06T20:15:27.055+0000][2.077s] GC(3) Using 2 workers of 2 for marking
[2025-12-06T20:15:27.060+0000][2.082s] GC(3) Concurrent Mark From Roots 5.227ms
[2025-12-06T20:15:27.061+0000][2.082s] GC(3) Concurrent Preclean
[2025-12-06T20:15:27.061+0000][2.082s] GC(3) Concurrent Preclean 0.126ms
[2025-12-06T20:15:27.061+0000][2.083s] GC(3) Pause Remark
[2025-12-06T20:15:27.063+0000][2.084s] GC(3) Pause Remark 25M->25M(512M) 1.571ms
[2025-12-06T20:15:27.063+0000][2.085s] GC(3) User=0.01s Sys=0.00s Real=0.00s
[2025-12-06T20:15:27.063+0000][2.085s] GC(3) Concurrent Mark 8.142ms
[2025-12-06T20:15:27.063+0000][2.085s] GC(3) Concurrent Rebuild Remembered Sets
[2025-12-06T20:15:27.068+0000][2.090s] GC(3) Concurrent Rebuild Remembered Sets 4.984ms
[2025-12-06T20:15:27.070+0000][2.091s] GC(3) Pause Cleanup
[2025-12-06T20:15:27.070+0000][2.091s] GC(3) Pause Cleanup 27M->27M(512M) 0.162ms
[2025-12-06T20:15:27.070+0000][2.091s] GC(3) User=0.00s Sys=0.00s Real=0.00s
[2025-12-06T20:15:27.070+0000][2.091s] GC(3) Concurrent Cleanup for Next Mark
[2025-12-06T20:15:27.071+0000][2.092s] GC(3) Concurrent Cleanup for Next Mark 1.073ms
[2025-12-06T20:15:27.071+0000][2.092s] GC(3) Concurrent Mark Cycle 19.357ms
[2025-12-06T20:15:27.764+0000][2.785s] GC(4) Pause Young (Concurrent Start) (Metadata GC Threshold)
[2025-12-06T20:15:27.764+0000][2.785s] GC(4) Using 8 workers of 8 for evacuation
[2025-12-06T20:15:27.773+0000][2.795s] GC(4)   Pre Evacuate Collection Set: 0.2ms
[2025-12-06T20:15:27.773+0000][2.795s] GC(4)   Merge Heap Roots: 0.1ms
[2025-12-06T20:15:27.773+0000][2.795s] GC(4)   Evacuate Collection Set: 7.5ms
[2025-12-06T20:15:27.773+0000][2.795s] GC(4)   Post Evacuate Collection Set: 0.9ms
[2025-12-06T20:15:27.773+0000][2.795s] GC(4)   Other: 0.5ms
[2025-12-06T20:15:27.773+0000][2.795s] GC(4) Eden regions: 90->0(298)
[2025-12-06T20:15:27.774+0000][2.795s] GC(4) Survivor regions: 3->9(14)
[2025-12-06T20:15:27.774+0000][2.795s] GC(4) Old regions: 17->17
[2025-12-06T20:15:27.774+0000][2.795s] GC(4) Archive regions: 2->2
[2025-12-06T20:15:27.774+0000][2.795s] GC(4) Humongous regions: 4->4
[2025-12-06T20:15:27.774+0000][2.795s] GC(4) Metaspace: 36005K(36416K)->36005K(36416K) NonClass: 31488K(31680K)->31488K(31680K) Class: 4517K(4736K)->4517K(4736K)
[2025-12-06T20:15:27.774+0000][2.795s] GC(4) Pause Young (Concurrent Start) (Metadata GC Threshold) 114M->29M(512M) 9.957ms
[2025-12-06T20:15:27.774+0000][2.795s] GC(4) User=0.06s Sys=0.01s Real=0.01s
[2025-12-06T20:15:27.774+0000][2.795s] GC(5) Concurrent Mark Cycle
[2025-12-06T20:15:27.774+0000][2.795s] GC(5) Concurrent Clear Claimed Marks
[2025-12-06T20:15:27.774+0000][2.796s] GC(5) Concurrent Clear Claimed Marks 0.139ms
[2025-12-06T20:15:27.774+0000][2.796s] GC(5) Concurrent Scan Root Regions
[2025-12-06T20:15:27.778+0000][2.799s] GC(5) Concurrent Scan Root Regions 3.192ms
[2025-12-06T20:15:27.778+0000][2.799s] GC(5) Concurrent Mark
[2025-12-06T20:15:27.778+0000][2.799s] GC(5) Concurrent Mark From Roots
[2025-12-06T20:15:27.778+0000][2.799s] GC(5) Using 2 workers of 2 for marking
[2025-12-06T20:15:27.796+0000][2.817s] GC(5) Concurrent Mark From Roots 17.830ms
[2025-12-06T20:15:27.796+0000][2.817s] GC(5) Concurrent Preclean
[2025-12-06T20:15:27.796+0000][2.818s] GC(5) Concurrent Preclean 0.268ms
[2025-12-06T20:15:27.798+0000][2.819s] GC(5) Pause Remark
[2025-12-06T20:15:27.799+0000][2.821s] GC(5) Pause Remark 32M->32M(512M) 1.717ms
[2025-12-06T20:15:27.800+0000][2.821s] GC(5) User=0.01s Sys=0.00s Real=0.00s
[2025-12-06T20:15:27.800+0000][2.821s] GC(5) Concurrent Mark 21.821ms
[2025-12-06T20:15:27.800+0000][2.821s] GC(5) Concurrent Rebuild Remembered Sets
[2025-12-06T20:15:27.808+0000][2.830s] GC(5) Concurrent Rebuild Remembered Sets 8.285ms
[2025-12-06T20:15:27.810+0000][2.831s] GC(5) Pause Cleanup
[2025-12-06T20:15:27.810+0000][2.831s] GC(5) Pause Cleanup 34M->34M(512M) 0.167ms
[2025-12-06T20:15:27.810+0000][2.831s] GC(5) User=0.00s Sys=0.00s Real=0.00s
[2025-12-06T20:15:27.810+0000][2.832s] GC(5) Concurrent Cleanup for Next Mark
[2025-12-06T20:15:27.815+0000][2.837s] GC(5) Concurrent Cleanup for Next Mark 5.149ms
[2025-12-06T20:15:27.816+0000][2.838s] GC(5) Concurrent Mark Cycle 42.197ms
[2025-12-06T20:16:47.562+0000][82.588s] Heap
[2025-12-06T20:16:47.563+0000][82.589s]  garbage-first heap   total 524288K, used 289157K [0x00000000e0000000, 0x0000000100000000)
[2025-12-06T20:16:47.563+0000][82.589s]   region size 1024K, 262 young (268288K), 9 survivors (9216K)
[2025-12-06T20:16:47.563+0000][82.589s]  Metaspace       used 55996K, committed 56512K, reserved 1114112K
[2025-12-06T20:16:47.563+0000][82.589s]   class space    used 7199K, committed 7424K, reserved 1048576K
