[2025-12-06T20:28:16.893+0000][0.006s] Using G1
[2025-12-06T20:28:17.030+0000][0.143s] Version: 17.0.17+10 (release)
[2025-12-06T20:28:17.030+0000][0.143s] CPUs: 8 total, 8 available
[2025-12-06T20:28:17.031+0000][0.144s] Memory: 3919M
[2025-12-06T20:28:17.031+0000][0.144s] Large Page Support: Disabled
[2025-12-06T20:28:17.031+0000][0.144s] NUMA Support: Disabled
[2025-12-06T20:28:17.031+0000][0.144s] Compressed Oops: Enabled (32-bit)
[2025-12-06T20:28:17.031+0000][0.144s] Heap Region Size: 1M
[2025-12-06T20:28:17.031+0000][0.144s] Heap Min Capacity: 512M
[2025-12-06T20:28:17.031+0000][0.144s] Heap Initial Capacity: 512M
[2025-12-06T20:28:17.031+0000][0.144s] Heap Max Capacity: 512M
[2025-12-06T20:28:17.031+0000][0.144s] Pre-touch: Enabled
[2025-12-06T20:28:17.031+0000][0.144s] Parallel Workers: 8
[2025-12-06T20:28:17.031+0000][0.144s] Concurrent Workers: 2
[2025-12-06T20:28:17.031+0000][0.144s] Concurrent Refinement Workers: 8
[2025-12-06T20:28:17.031+0000][0.144s] Periodic GC: Disabled
[2025-12-06T20:28:17.046+0000][0.159s] CDS archive(s) mapped at: [0x000000e000000000-0x000000e000a70000-0x000000e000a70000), size 10944512, SharedBaseAddress: 0x000000e000000000, ArchiveRelocationMode: 1.
[2025-12-06T20:28:17.046+0000][0.159s] Compressed class space mapped at: 0x000000e001000000-0x000000e041000000, reserved size: 1073741824
[2025-12-06T20:28:17.046+0000][0.159s] Narrow klass base: 0x000000e000000000, Narrow klass shift: 0, Narrow klass range: 0x100000000
[2025-12-06T20:28:17.940+0000][1.053s] GC(0) Pause Young (Normal) (G1 Evacuation Pause)
[2025-12-06T20:28:17.940+0000][1.053s] GC(0) Using 8 workers of 8 for evacuation
[2025-12-06T20:28:17.943+0000][1.056s] GC(0)   Pre Evacuate Collection Set: 0.1ms
[2025-12-06T20:28:17.943+0000][1.056s] GC(0)   Merge Heap Roots: 0.1ms
[2025-12-06T20:28:17.943+0000][1.056s] GC(0)   Evacuate Collection Set: 1.9ms
[2025-12-06T20:28:17.943+0000][1.056s] GC(0)   Post Evacuate Collection Set: 0.5ms
[2025-12-06T20:28:17.943+0000][1.056s] GC(0)   Other: 0.3ms
[2025-12-06T20:28:17.943+0000][1.056s] GC(0) Eden regions: 29->0(57)
[2025-12-06T20:28:17.943+0000][1.056s] GC(0) Survivor regions: 0->4(4)
[2025-12-06T20:28:17.943+0000][1.056s] GC(0) Old regions: 0->1
[2025-12-06T20:28:17.943+0000][1.056s] GC(0) Archive regions: 2->2
[2025-12-06T20:28:17.943+0000][1.056s] GC(0) Humongous regions: 0->0
[2025-12-06T20:28:17.943+0000][1.056s] GC(0) Metaspace: 9955K(10176K)->9955K(10176K) NonClass: 8722K(8832K)->8722K(8832K) Class: 1232K(1344K)->1232K(1344K)
[2025-12-06T20:28:17.943+0000][1.056s] GC(0) Pause Young (Normal) (G1 Evacuation Pause) 29M->5M(512M) 3.217ms
[2025-12-06T20:28:17.943+0000][1.056s] GC(0) User=0.01s Sys=0.01s Real=0.00s
[2025-12-06T20:28:18.302+0000][1.415s] GC(1) Pause Young (Normal) (G1 Evacuation Pause)
[2025-12-06T20:28:18.302+0000][1.415s] GC(1) Using 8 workers of 8 for evacuation
[2025-12-06T20:28:18.309+0000][1.422s] GC(1)   Pre Evacuate Collection Set: 0.1ms
[2025-12-06T20:28:18.309+0000][1.422s] GC(1)   Merge Heap Roots: 0.0ms
[2025-12-06T20:28:18.309+0000][1.422s] GC(1)   Evacuate Collection Set: 6.6ms
[2025-12-06T20:28:18.309+0000][1.422s] GC(1)   Post Evacuate Collection Set: 0.6ms
[2025-12-06T20:28:18.309+0000][1.422s] GC(1)   Other: 0.2ms
[2025-12-06T20:28:18.309+0000][1.422s] GC(1) Eden regions: 55->0(75)
[2025-12-06T20:28:18.309+0000][1.422s] GC(1) Survivor regions: 4->8(8)
[2025-12-06T20:28:18.309+0000][1.423s] GC(1) Old regions: 1->8
[2025-12-06T20:28:18.309+0000][1.423s] GC(1) Archive regions: 2->2
[2025-12-06T20:28:18.310+0000][1.423s] GC(1) Humongous regions: 4->4
[2025-12-06T20:28:18.310+0000][1.423s] GC(1) Metaspace: 17935K(18240K)->17935K(18240K) NonClass: 15736K(15872K)->15736K(15872K) Class: 2199K(2368K)->2199K(2368K)
[2025-12-06T20:28:18.310+0000][1.423s] GC(1) Pause Young (Normal) (G1 Evacuation Pause) 64M->20M(512M) 7.952ms
[2025-12-06T20:28:18.310+0000][1.423s] GC(1) User=0.05s Sys=0.00s Real=0.01s
[2025-12-06T20:28:18.519+0000][1.632s] GC(2) Pause Young (Concurrent Start) (Metadata GC Threshold)
[2025-12-06T20:28:18.519+0000][1.632s] GC(2) Using 8 workers of 8 for evacuation
[2025-12-06T20:28:18.523+0000][1.636s] GC(2)   Pre Evacuate Collection Set: 0.1ms
[2025-12-06T20:28:18.524+0000][1.637s] GC(2)   Merge Heap Roots: 0.1ms
[2025-12-06T20:28:18.524+0000][1.637s] GC(2)   Evacuate Collection Set: 3.4ms
[2025-12-06T20:28:18.524+0000][1.637s] GC(2)   Post Evacuate Collection Set: 0.4ms
[2025-12-06T20:28:18.524+0000][1.637s] GC(2)   Other: 0.3ms
[2025-12-06T20:28:18.524+0000][1.637s] GC(2) Eden regions: 33->0(89)
[2025-12-06T20:28:18.524+0000][1.637s] GC(2) Survivor regions: 8->9(11)
[2025-12-06T20:28:18.524+0000][1.637s] GC(2) Old regions: 8->12
[2025-12-06T20:28:18.524+0000][1.637s] GC(2) Archive regions: 2->2
[2025-12-06T20:28:18.524+0000][1.637s] GC(2) Humongous regions: 4->4
[2025-12-06T20:28:18.524+0000][1.637s] GC(2) Metaspace: 21179K(21504K)->21179K(21504K) NonClass: 18582K(18752K)->18582K(18752K) Class: 2597K(2752K)->2597K(2752K)
[2025-12-06T20:28:18.524+0000][1.637s] GC(2) Pause Young (Concurrent Start) (Metadata GC Threshold) 53M->24M(512M) 4.675ms
[2025-12-06T20:28:18.524+0000][1.637s] GC(2) User=0.03s Sys=0.01s Real=0.00s
[2025-12-06T20:28:18.524+0000][1.637s] GC(3) Concurrent Mark Cycle
[2025-12-06T20:28:18.524+0000][1.637s] GC(3) Concurrent Clear Claimed Marks
[2025-12-06T20:28:18.524+0000][1.637s] GC(3) Concurrent Clear Claimed Marks 0.161ms
[2025-12-06T20:28:18.524+0000][1.637s] GC(3) Concurrent Scan Root Regions
[2025-12-06T20:28:18.526+0000][1.639s] GC(3) Concurrent Scan Root Regions 1.549ms
[2025-12-06T20:28:18.526+0000][1.639s] GC(3) Concurrent Mark
[2025-12-06T20:28:18.526+0000][1.639s] GC(3) Concurrent Mark From Roots
[2025-12-06T20:28:18.526+0000][1.639s] GC(3) Using 2 workers of 2 for marking
[2025-12-06T20:28:18.530+0000][1.643s] GC(3) Concurrent Mark From Roots 4.107ms
[2025-12-06T20:28:18.530+0000][1.643s] GC(3) Concurrent Preclean
[2025-12-06T20:28:18.530+0000][1.643s] GC(3) Concurrent Preclean 0.085ms
[2025-12-06T20:28:18.531+0000][1.644s] GC(3) Pause Remark
[2025-12-06T20:28:18.532+0000][1.645s] GC(3) Pause Remark 25M->25M(512M) 1.560ms
[2025-12-06T20:28:18.532+0000][1.645s] GC(3) User=0.00s Sys=0.00s Real=0.00s
[2025-12-06T20:28:18.532+0000][1.645s] GC(3) Concurrent Mark 6.239ms
[2025-12-06T20:28:18.532+0000][1.645s] GC(3) Concurrent Rebuild Remembered Sets
[2025-12-06T20:28:18.535+0000][1.649s] GC(3) Concurrent Rebuild Remembered Sets 3.058ms
[2025-12-06T20:28:18.536+0000][1.649s] GC(3) Pause Cleanup
[2025-12-06T20:28:18.536+0000][1.649s] GC(3) Pause Cleanup 25M->25M(512M) 0.179ms
[2025-12-06T20:28:18.536+0000][1.649s] GC(3) User=0.00s Sys=0.01s Real=0.00s
[2025-12-06T20:28:18.536+0000][1.649s] GC(3) Concurrent Cleanup for Next Mark
[2025-12-06T20:28:18.537+0000][1.650s] GC(3) Concurrent Cleanup for Next Mark 0.957ms
[2025-12-06T20:28:18.537+0000][1.650s] GC(3) Concurrent Mark Cycle 12.893ms
[2025-12-06T20:28:19.253+0000][2.366s] GC(4) Pause Young (Concurrent Start) (Metadata GC Threshold)
[2025-12-06T20:28:19.253+0000][2.366s] GC(4) Using 8 workers of 8 for evacuation
[2025-12-06T20:28:19.263+0000][2.376s] GC(4)   Pre Evacuate Collection Set: 0.1ms
[2025-12-06T20:28:19.263+0000][2.376s] GC(4)   Merge Heap Roots: 0.1ms
[2025-12-06T20:28:19.263+0000][2.376s] GC(4)   Evacuate Collection Set: 8.5ms
[2025-12-06T20:28:19.263+0000][2.376s] GC(4)   Post Evacuate Collection Set: 0.8ms
[2025-12-06T20:28:19.263+0000][2.376s] GC(4)   Other: 0.3ms
[2025-12-06T20:28:19.263+0000][2.376s] GC(4) Eden regions: 88->0(298)
[2025-12-06T20:28:19.263+0000][2.376s] GC(4) Survivor regions: 9->9(13)
[2025-12-06T20:28:19.263+0000][2.376s] GC(4) Old regions: 12->17
[2025-12-06T20:28:19.263+0000][2.376s] GC(4) Archive regions: 2->2
[2025-12-06T20:28:19.263+0000][2.376s] GC(4) Humongous regions: 4->4
[2025-12-06T20:28:19.263+0000][2.376s] GC(4) Metaspace: 35813K(36160K)->35813K(36160K) NonClass: 31329K(31488K)->31329K(31488K) Class: 4483K(4672K)->4483K(4672K)
[2025-12-06T20:28:19.263+0000][2.376s] GC(4) Pause Young (Concurrent Start) (Metadata GC Threshold) 112M->30M(512M) 10.343ms
[2025-12-06T20:28:19.263+0000][2.376s] GC(4) User=0.05s Sys=0.00s Real=0.01s
[2025-12-06T20:28:19.263+0000][2.376s] GC(5) Concurrent Mark Cycle
[2025-12-06T20:28:19.264+0000][2.377s] GC(5) Concurrent Clear Claimed Marks
[2025-12-06T20:28:19.264+0000][2.377s] GC(5) Concurrent Clear Claimed Marks 0.442ms
[2025-12-06T20:28:19.265+0000][2.378s] GC(5) Concurrent Scan Root Regions
[2025-12-06T20:28:19.268+0000][2.381s] GC(5) Concurrent Scan Root Regions 3.283ms
[2025-12-06T20:28:19.268+0000][2.381s] GC(5) Concurrent Mark
[2025-12-06T20:28:19.268+0000][2.381s] GC(5) Concurrent Mark From Roots
[2025-12-06T20:28:19.268+0000][2.381s] GC(5) Using 2 workers of 2 for marking
[2025-12-06T20:28:19.275+0000][2.388s] GC(5) Concurrent Mark From Roots 6.560ms
[2025-12-06T20:28:19.275+0000][2.388s] GC(5) Concurrent Preclean
[2025-12-06T20:28:19.276+0000][2.389s] GC(5) Concurrent Preclean 0.497ms
[2025-12-06T20:28:19.276+0000][2.389s] GC(5) Pause Remark
[2025-12-06T20:28:19.278+0000][2.391s] GC(5) Pause Remark 32M->32M(512M) 1.779ms
[2025-12-06T20:28:19.278+0000][2.391s] GC(5) User=0.01s Sys=0.00s Real=0.01s
[2025-12-06T20:28:19.278+0000][2.391s] GC(5) Concurrent Mark 9.533ms
[2025-12-06T20:28:19.278+0000][2.391s] GC(5) Concurrent Rebuild Remembered Sets
[2025-12-06T20:28:19.286+0000][2.399s] GC(5) Concurrent Rebuild Remembered Sets 7.796ms
[2025-12-06T20:28:19.288+0000][2.401s] GC(5) Pause Cleanup
[2025-12-06T20:28:19.288+0000][2.401s] GC(5) Pause Cleanup 34M->34M(512M) 0.283ms
[2025-12-06T20:28:19.288+0000][2.401s] GC(5) User=0.00s Sys=0.00s Real=0.00s
[2025-12-06T20:28:19.289+0000][2.402s] GC(5) Concurrent Cleanup for Next Mark
[2025-12-06T20:28:19.291+0000][2.404s] GC(5) Concurrent Cleanup for Next Mark 2.092ms
[2025-12-06T20:28:19.291+0000][2.404s] GC(5) Concurrent Mark Cycle 27.613ms
[2025-12-06T21:26:55.973+0000][3519.273s] Heap
[2025-12-06T21:26:55.974+0000][3519.274s]  garbage-first heap   total 524288K, used 275058K [0x00000000e0000000, 0x0000000100000000)
[2025-12-06T21:26:55.974+0000][3519.274s]   region size 1024K, 248 young (253952K), 9 survivors (9216K)
[2025-12-06T21:26:55.974+0000][3519.274s]  Metaspace       used 57095K, committed 57600K, reserved 1114112K
[2025-12-06T21:26:55.974+0000][3519.274s]   class space    used 7374K, committed 7616K, reserved 1048576K
